Component: ARM Compiler 5.06 update 5 (build 528) Tool: armlink [4d35e2]

==============================================================================

Section Cross References

    main.o(.text) refers to _printf_percent.o(.ARM.Collect$$_printf_percent$$00000000) for _printf_percent
    main.o(.text) refers to _printf_d.o(.ARM.Collect$$_printf_percent$$00000009) for _printf_d
    main.o(.text) refers to _printf_dec.o(.text) for _printf_int_dec
    main.o(.text) refers to _printf_f.o(.ARM.Collect$$_printf_percent$$00000003) for _printf_f
    main.o(.text) refers to printf1.o(x$fpl$printf1) for _printf_fp_dec
    main.o(.text) refers to noretval__2printf.o(.text) for __2printf
    main.o(.text) refers to beep.o(.text) for BEEP_SetOnOff
    main.o(.text) refers to stm32f10x_gpio.o(.text) for GPIO_SetBits
    main.o(.text) refers to delay.o(.text) for delay_ms
    main.o(.text) refers to tasks.o(.text) for vTaskDelay
    main.o(.text) refers to stm32f10x_tim.o(.text) for TIM_SetCompare1
    main.o(.text) refers to bh1750.o(.text) for LIght_Intensity
    main.o(.text) refers to ffix.o(x$fpl$ffix) for __aeabi_f2iz
    main.o(.text) refers to noretval__2sprintf.o(.text) for __2sprintf
    main.o(.text) refers to oled.o(.text) for OLED_ShowString
    main.o(.text) refers to dht11.o(.text) for Read_DHT11
    main.o(.text) refers to hc_sr04.o(.text) for US015_Read_Data
    main.o(.text) refers to f2d.o(x$fpl$f2d) for __aeabi_f2d
    main.o(.text) refers to mq2.o(.text) for MQ2_GetPPM
    main.o(.text) refers to port.o(.text) for vPortEnterCritical
    main.o(.text) refers to misc.o(.text) for NVIC_PriorityGroupConfig
    main.o(.text) refers to usart.o(.text) for uart_init
    main.o(.text) refers to led.o(.text) for LED_GPIO_Config
    main.o(.text) refers to bsp_key.o(.text) for KEY_GPIO_Init
    main.o(.text) refers to timer.o(.text) for GENERAL_TIM_Init
    main.o(.text) refers to adc_dma.o(.text) for ADCx_Init
    main.o(.text) refers to main.o(.data) for .data
    main.o(.text) refers to adc_dma.o(.data) for ADC_ConvertedValue
    system_stm32f10x.o(.text) refers to system_stm32f10x.o(.data) for .data
    led.o(.text) refers to stm32f10x_rcc.o(.text) for RCC_APB2PeriphClockCmd
    led.o(.text) refers to stm32f10x_gpio.o(.text) for GPIO_Init
    bsp_key.o(.text) refers to stm32f10x_rcc.o(.text) for RCC_APB2PeriphClockCmd
    bsp_key.o(.text) refers to stm32f10x_gpio.o(.text) for GPIO_Init
    beep.o(.text) refers to stm32f10x_rcc.o(.text) for RCC_APB2PeriphClockCmd
    beep.o(.text) refers to stm32f10x_gpio.o(.text) for GPIO_Init
    beep.o(.text) refers to beep.o(.data) for .data
    bh1750.o(.text) refers to stm32f10x_rcc.o(.text) for RCC_APB2PeriphClockCmd
    bh1750.o(.text) refers to stm32f10x_gpio.o(.text) for GPIO_Init
    bh1750.o(.text) refers to fflt_clz.o(x$fpl$ffltu) for __aeabi_ui2f
    bh1750.o(.text) refers to fdiv.o(x$fpl$fdiv) for __aeabi_fdiv
    dht11.o(.text) refers to stm32f10x_rcc.o(.text) for RCC_APB2PeriphClockCmd
    dht11.o(.text) refers to stm32f10x_gpio.o(.text) for GPIO_Init
    dht11.o(.text) refers to delay.o(.text) for delay_us
    hc_sr04.o(.text) refers to stm32f10x_rcc.o(.text) for RCC_APB2PeriphClockCmd
    hc_sr04.o(.text) refers to stm32f10x_gpio.o(.text) for GPIO_Init
    hc_sr04.o(.text) refers to stm32f10x_tim.o(.text) for TIM_TimeBaseInit
    hc_sr04.o(.text) refers to delay.o(.text) for delay_us
    hc_sr04.o(.text) refers to dflt_clz.o(x$fpl$dfltu) for __aeabi_ui2d
    hc_sr04.o(.text) refers to ddiv.o(x$fpl$ddiv) for __aeabi_ddiv
    hc_sr04.o(.text) refers to scalbn.o(x$fpl$scalbn) for __ARM_scalbn
    hc_sr04.o(.text) refers to dmul.o(x$fpl$dmul) for __aeabi_dmul
    hc_sr04.o(.text) refers to d2f.o(x$fpl$d2f) for __aeabi_d2f
    mq2.o(.text) refers to delay.o(.text) for delay_ms
    mq2.o(.text) refers to fflt_clz.o(x$fpl$ffltu) for __aeabi_ui2f
    mq2.o(.text) refers to fmul.o(x$fpl$fmul) for __aeabi_fmul
    mq2.o(.text) refers to scalbnf.o(x$fpl$scalbnf) for __ARM_scalbnf
    mq2.o(.text) refers to adc_dma.o(.data) for ADC_ConvertedValue
    oled.o(.text) refers to stm32f10x_gpio.o(.text) for GPIO_SetBits
    oled.o(.text) refers to oled.o(.constdata) for .constdata
    oled.o(.text) refers to oled.o(.data) for .data
    oled.o(.text) refers to dleqf.o(x$fpl$dleqf) for __aeabi_cdcmple
    oled.o(.text) refers to dfix.o(x$fpl$dfix) for __aeabi_d2iz
    oled.o(.text) refers to dflt_clz.o(x$fpl$dflt) for __aeabi_i2d
    oled.o(.text) refers to daddsub_clz.o(x$fpl$drsb) for __aeabi_drsub
    oled.o(.text) refers to dmul.o(x$fpl$dmul) for __aeabi_dmul
    oled.o(.text) refers to dfixu.o(x$fpl$dfixu) for __aeabi_d2uiz
    oled.o(.text) refers to dflt_clz.o(x$fpl$dfltu) for __aeabi_ui2d
    oled.o(.text) refers to stm32f10x_rcc.o(.text) for RCC_APB2PeriphClockCmd
    oled.o(.text) refers to delay.o(.text) for delay_ms
    timer.o(.text) refers to stm32f10x_rcc.o(.text) for RCC_APB2PeriphClockCmd
    timer.o(.text) refers to stm32f10x_gpio.o(.text) for GPIO_Init
[...]
    __rt_lib_init_alloca_1                   0x08000219   Thumb Code     0  libinit2.o(.ARM.Collect$$libinit$$0000002E)
    __rt_lib_init_argv_1                     0x08000219   Thumb Code     0  libinit2.o(.ARM.Collect$$libinit$$0000002C)
    __rt_lib_init_atexit_1                   0x08000219   Thumb Code     0  libinit2.o(.ARM.Collect$$libinit$$0000001B)
    __rt_lib_init_clock_1                    0x08000219   Thumb Code     0  libinit2.o(.ARM.Collect$$libinit$$00000021)
    __rt_lib_init_cpp_1                      0x08000219   Thumb Code     0  libinit2.o(.ARM.Collect$$libinit$$00000032)
    __rt_lib_init_exceptions_1               0x08000219   Thumb Code     0  libinit2.o(.ARM.Collect$$libinit$$00000030)
    __rt_lib_init_fp_trap_1                  0x08000219   Thumb Code     0  libinit2.o(.ARM.Collect$$libinit$$0000001F)
    __rt_lib_init_getenv_1                   0x08000219   Thumb Code     0  libinit2.o(.ARM.Collect$$libinit$$00000023)
    __rt_lib_init_lc_numeric_1               0x08000219   Thumb Code     0  libinit2.o(.ARM.Collect$$libinit$$00000017)
    __rt_lib_init_lc_time_1                  0x08000219   Thumb Code     0  libinit2.o(.ARM.Collect$$libinit$$00000019)
    __rt_lib_init_return                     0x08000219   Thumb Code     0  libinit2.o(.ARM.Collect$$libinit$$00000033)
    __rt_lib_init_signal_1                   0x08000219   Thumb Code     0  libinit2.o(.ARM.Collect$$libinit$$0000001D)
    __rt_lib_init_stdio_1                    0x08000219   Thumb Code     0  libinit2.o(.ARM.Collect$$libinit$$00000025)
    __rt_lib_shutdown                        0x0800021b   Thumb Code     0  libshutdown.o(.ARM.Collect$$libshutdown$$00000000)
    __rt_lib_shutdown_cpp_1                  0x0800021d   Thumb Code     0  libshutdown2.o(.ARM.Collect$$libshutdown$$00000002)
    __rt_lib_shutdown_fp_trap_1              0x0800021d   Thumb Code     0  libshutdown2.o(.ARM.Collect$$libshutdown$$00000007)
    __rt_lib_shutdown_heap_1                 0x0800021d   Thumb Code     0  libshutdown2.o(.ARM.Collect$$libshutdown$$0000000F)
    __rt_lib_shutdown_return                 0x0800021d   Thumb Code     0  libshutdown2.o(.ARM.Collect$$libshutdown$$00000010)
    __rt_lib_shutdown_signal_1               0x0800021d   Thumb Code     0  libshutdown2.o(.ARM.Collect$$libshutdown$$0000000A)
    __rt_lib_shutdown_stdio_1                0x0800021d   Thumb Code     0  libshutdown2.o(.ARM.Collect$$libshutdown$$00000004)
    __rt_lib_shutdown_user_alloc_1           0x0800021d   Thumb Code     0  libshutdown2.o(.ARM.Collect$$libshutdown$$0000000C)
    __rt_entry                               0x0800021f   Thumb Code     0  __rtentry.o(.ARM.Collect$$rtentry$$00000000)
    __rt_entry_presh_1                       0x0800021f   Thumb Code     0  __rtentry2.o(.ARM.Collect$$rtentry$$00000002)
    __rt_entry_sh                            0x0800021f   Thumb Code     0  __rtentry4.o(.ARM.Collect$$rtentry$$00000004)
    __rt_entry_li                            0x08000225   Thumb Code     0  __rtentry2.o(.ARM.Collect$$rtentry$$0000000A)
    __rt_entry_postsh_1                      0x08000225   Thumb Code     0  __rtentry2.o(.ARM.Collect$$rtentry$$00000009)
    __rt_entry_main                          0x08000229   Thumb Code     0  __rtentry2.o(.ARM.Collect$$rtentry$$0000000D)
    __rt_entry_postli_1                      0x08000229   Thumb Code     0  __rtentry2.o(.ARM.Collect$$rtentry$$0000000C)
    __rt_exit                                0x08000231   Thumb Code     0  rtexit.o(.ARM.Collect$$rtexit$$00000000)
    __rt_exit_ls                             0x08000233   Thumb Code     0  rtexit2.o(.ARM.Collect$$rtexit$$00000003)
    __rt_exit_prels_1                        0x08000233   Thumb Code     0  rtexit2.o(.ARM.Collect$$rtexit$$00000002)
    __rt_exit_exit                           0x08000237   Thumb Code     0  rtexit2.o(.ARM.Collect$$rtexit$$00000004)
    SVC_Handler                              0x0800023d   Thumb Code    32  port.o(.emb_text)
    __asm___6_port_c_39a90d8d__prvStartFirstTask 0x08000261   Thumb Code    28  port.o(.emb_text)
    PendSV_Handler                           0x08000281   Thumb Code    72  port.o(.emb_text)
    vPortGetIPSR                             0x080002cd   Thumb Code     6  port.o(.emb_text)
    mq2_task                                 0x080002d5   Thumb Code   104  main.o(.text)
    sg90_task                                0x0800033d   Thumb Code    56  main.o(.text)
    hard_task                                0x08000375   Thumb Code   230  main.o(.text)
    start_task                               0x0800045b   Thumb Code    94  main.o(.text)
    main                                     0x080004b9   Thumb Code    92  main.o(.text)
    NMI_Handler                              0x08000621   Thumb Code     2  stm32f10x_it.o(.text)
    HardFault_Handler                        0x08000623   Thumb Code     2  stm32f10x_it.o(.text)
    MemManage_Handler                        0x08000625   Thumb Code     2  stm32f10x_it.o(.text)
    BusFault_Handler                         0x08000627   Thumb Code     2  stm32f10x_it.o(.text)
    UsageFault_Handler                       0x08000629   Thumb Code     2  stm32f10x_it.o(.text)
    DebugMon_Handler                         0x0800062b   Thumb Code     2  stm32f10x_it.o(.text)
    SystemInit                               0x080006cd   Thumb Code    64  system_stm32f10x.o(.text)
    SystemCoreClockUpdate                    0x0800070d   Thumb Code    86  system_stm32f10x.o(.text)
    LED_GPIO_Config                          0x08000785   Thumb Code    92  led.o(.text)
    Delay                                    0x080007e5   Thumb Code    16  bsp_key.o(.text)
    KEY1_GPIO_Config                         0x080007f5   Thumb Code    32  bsp_key.o(.text)
    KEY2_GPIO_Config                         0x08000815   Thumb Code    34  bsp_key.o(.text)
    KEY_GPIO_Init                            0x08000837   Thumb Code    12  bsp_key.o(.text)
    Key_Scan                                 0x08000843   Thumb Code    68  bsp_key.o(.text)
    BEEP_Init                                0x08000891   Thumb Code    48  beep.o(.text)
    BEEP_SetOnOff                            0x080008c1   Thumb Code    20  beep.o(.text)
    i2c_Start                                0x080008e1   Thumb Code    36  bh1750.o(.text)
    i2c_Stop                                 0x08000905   Thumb Code    24  bh1750.o(.text)
    i2c_SendByte                             0x0800091d   Thumb Code    80  bh1750.o(.text)
    i2c_ReadByte                             0x0800096d   Thumb Code    66  bh1750.o(.text)
    i2c_WaitAck                              0x080009af   Thumb Code    50  bh1750.o(.text)
    i2c_Ack                                  0x080009e1   Thumb Code    38  bh1750.o(.text)
    i2c_NAck                                 0x08000a07   Thumb Code    32  bh1750.o(.text)
    i2c_CheckDevice                          0x08000a27   Thumb Code    28  bh1750.o(.text)
    BH1750_Byte_Write                        0x08000a43   Thumb Code    48  bh1750.o(.text)
    BH1750_Read_Measure                      0x08000a73   Thumb Code    56  bh1750.o(.text)
    BH1750_Power_ON                          0x08000aab   Thumb Code     4  bh1750.o(.text)
    BH1750_Power_OFF                         0x08000aaf   Thumb Code     4  bh1750.o(.text)
    BH1750_RESET                             0x08000ab3   Thumb Code     4  bh1750.o(.text)
    BH1750_Init                              0x08000ab7   Thumb Code    56  bh1750.o(.text)
    LIght_Intensity                          0x08000aef   Thumb Code    20  bh1750.o(.text)
    DHT11_GPIO_Config                        0x08000b19   Thumb Code    48  dht11.o(.text)
    Read_DHT11                               0x08000ba5   Thumb Code   162  dht11.o(.text)
    US015_UserConfiguer                      0x08000c69   Thumb Code   128  hc_sr04.o(.text)
    US015_Read_Data                          0x08000ce9   Thumb Code   144  hc_sr04.o(.text)
    Get_ADCValue_MQ2                         0x08000d89   Thumb Code    40  mq2.o(.text)
    MQ2_GetPPM                               0x08000db1   Thumb Code    34  mq2.o(.text)
    OLED_IIC_Start                           0x08000de1   Thumb Code    46  oled.o(.text)
    OLED_IIC_Stop                            0x08000e0f   Thumb Code    36  oled.o(.text)
    OLED_IIC_Wait_Ack                        0x08000e33   Thumb Code    28  oled.o(.text)
    OLED_Write_IIC_Byte                      0x08000e4f   Thumb Code    80  oled.o(.text)
    OLED_Write_IIC_Command                   0x08000e9f   Thumb Code    44  oled.o(.text)
    OLED_Write_IIC_Data                      0x08000ecb   Thumb Code    44  oled.o(.text)
    OLED_WR_Byte                             0x08000ef7   Thumb Code     8  oled.o(.text)
    fill_picture                             0x08000eff   Thumb Code    60  oled.o(.text)
    Delay_50ms                               0x08000f3b   Thumb Code    20  oled.o(.text)
    Delay_1ms                                0x08000f4f   Thumb Code    18  oled.o(.text)
    OLED_Set_Pos                             0x08000f61   Thumb Code    40  oled.o(.text)
    OLED_Display_On                          0x08000f89   Thumb Code    28  oled.o(.text)
    OLED_Display_Off                         0x08000fa5   Thumb Code    28  oled.o(.text)
    OLED_Clear                               0x08000fc1   Thumb Code    58  oled.o(.text)
    OLED_On                                  0x08000ffb   Thumb Code    58  oled.o(.text)
    OLED_ShowChar                            0x08001035   Thumb Code   126  oled.o(.text)
    oled_pow                                 0x080010b3   Thumb Code    16  oled.o(.text)
    OLED_ShowNumber                          0x080010c3   Thumb Code   106  oled.o(.text)
    OLED_ShowString                          0x0800112d   Thumb Code    48  oled.o(.text)
    OLED_ShowCHinese                         0x0800115d   Thumb Code    72  oled.o(.text)
    OLED_DrawBMP                             0x080011a5   Thumb Code    80  oled.o(.text)
    OLED_Float                               0x080011f5   Thumb Code   342  oled.o(.text)
    OLED_Float2                              0x0800134b   Thumb Code   282  oled.o(.text)
    OLED_Num_write                           0x08001465   Thumb Code    48  oled.o(.text)
    OLED_fuhao_write                         0x08001495   Thumb Code    44  oled.o(.text)
    OLED_Num2                                0x080014c1   Thumb Code   102  oled.o(.text)
    OLED_Num3                                0x08001527   Thumb Code   106  oled.o(.text)
    OLED_Num4                                0x08001591   Thumb Code   114  oled.o(.text)
    OLED_Num5                                0x08001603   Thumb Code   146  oled.o(.text)
    OLED_Init                                0x08001695   Thumb Code   282  oled.o(.text)
    GENERAL_TIM_Init                         0x080017b9   Thumb Code    68  timer.o(.text)
    ADCx_Init                                0x08001955   Thumb Code    36  adc_dma.o(.text)
    SysTick_Handler                          0x08001989   Thumb Code    20  delay.o(.text)
    delay_init                               0x0800199d   Thumb Code    60  delay.o(.text)
    delay_us                                 0x080019d9   Thumb Code    48  delay.o(.text)
    delay_ms                                 0x08001a09   Thumb Code    50  delay.o(.text)
    delay_xms                                0x08001a3b   Thumb Code    26  delay.o(.text)
    _sys_exit                                0x08001a61   Thumb Code     2  usart.o(.text)
    fputc                                    0x08001a63   Thumb Code    18  usart.o(.text)
    uart_init                                0x08001a75   Thumb Code   154  usart.o(.text)
    USART1_IRQHandler                        0x08001b0f   Thumb Code    88  usart.o(.text)
    Reset_Handler                            0x08001b79   Thumb Code     8  startup_stm32f10x_hd.o(.text)
    ADC1_2_IRQHandler                        0x08001b93   Thumb Code     0  startup_stm32f10x_hd.o(.text)
    ADC3_IRQHandler                          0x08001b93   Thumb Code     0  startup_stm32f10x_hd.o(.text)
    CAN1_RX1_IRQHandler                      0x08001b93   Thumb Code     0  startup_stm32f10x_hd.o(.text)
    CAN1_SCE_IRQHandler                      0x08001b93   Thumb Code     0  startup_stm32f10x_hd.o(.text)
    DMA1_Channel1_IRQHandler                 0x08001b93   Thumb Code     0  startup_stm32f10x_hd.o(.text)
    DMA1_Channel2_IRQHandler                 0x08001b93   Thumb Code     0  startup_stm32f10x_hd.o(.text)
    DMA1_Channel3_IRQHandler                 0x08001b93   Thumb Code     0  startup_stm32f10x_hd.o(.text)
    DMA1_Channel4_IRQHandler                 0x08001b93   Thumb Code     0  startup_stm32f10x_hd.o(.text)
    DMA1_Channel5_IRQHandler                 0x08001b93   Thumb Code     0  startup_stm32f10x_hd.o(.text)
    DMA1_Channel6_IRQHandler                 0x08001b93   Thumb Code     0  startup_stm32f10x_hd.o(.text)
    DMA1_Channel7_IRQHandler                 0x08001b93   Thumb Code     0  startup_stm32f10x_hd.o(.text)
    DMA2_Channel1_IRQHandler                 0x08001b93   Thumb Code     0  startup_stm32f10x_hd.o(.text)
    DMA2_Channel2_IRQHandler                 0x08001b93   Thumb Code     0  startup_stm32f10x_hd.o(.text)
    DMA2_Channel3_IRQHandler                 0x08001b93   Thumb Code     0  startup_stm32f10x_hd.o(.text)
    DMA2_Channel4_5_IRQHandler               0x08001b93   Thumb Code     0  startup_stm32f10x_hd.o(.text)
    EXTI0_IRQHandler                         0x08001b93   Thumb Code     0  startup_stm32f10x_hd.o(.text)
    EXTI15_10_IRQHandler                     0x08001b93   Thumb Code     0  startup_stm32f10x_hd.o(.text)
    EXTI1_IRQHandler                         0x08001b93   Thumb Code     0  startup_stm32f10x_hd.o(.text)
    EXTI2_IRQHandler                         0x08001b93   Thumb Code     0  startup_stm32f10x_hd.o(.text)
    EXTI3_IRQHandler                         0x08001b93   Thumb Code     0  startup_stm32f10x_hd.o(.text)
    EXTI4_IRQHandler                         0x08001b93   Thumb Code     0  startup_stm32f10x_hd.o(.text)
    EXTI9_5_IRQHandler                       0x08001b93   Thumb Code     0  startup_stm32f10x_hd.o(.text)
    FLASH_IRQHandler                         0x08001b93   Thumb Code     0  startup_stm32f10x_hd.o(.text)
    FSMC_IRQHandler                          0x08001b93   Thumb Code     0  startup_stm32f10x_hd.o(.text)
    I2C1_ER_IRQHandler                       0x08001b93   Thumb Code     0  startup_stm32f10x_hd.o(.text)
    I2C1_EV_IRQHandler                       0x08001b93   Thumb Code     0  startup_stm32f10x_hd.o(.text)
    I2C2_ER_IRQHandler                       0x08001b93   Thumb Code     0  startup_stm32f10x_hd.o(.text)
    I2C2_EV_IRQHandler                       0x08001b93   Thumb Code     0  startup_stm32f10x_hd.o(.text)
    PVD_IRQHandler                           0x08001b93   Thumb Code     0  startup_stm32f10x_hd.o(.text)
    RCC_IRQHandler                           0x08001b93   Thumb Code     0  startup_stm32f10x_hd.o(.text)
    RTCAlarm_IRQHandler                      0x08001b93   Thumb Code     0  startup_stm32f10x_hd.o(.text)
    RTC_IRQHandler                           0x08001b93   Thumb Code     0  startup_stm32f10x_hd.o(.text)
    SDIO_IRQHandler                          0x08001b93   Thumb Code     0  startup_stm32f10x_hd.o(.text)
    SPI1_IRQHandler                          0x08001b93   Thumb Code     0  startup_stm32f10x_hd.o(.text)
    SPI2_IRQHandler                          0x08001b93   Thumb Code     0  startup_stm32f10x_hd.o(.text)
    SPI3_IRQHandler                          0x08001b93   Thumb Code     0  startup_stm32f10x_hd.o(.text)
    TAMPER_IRQHandler                        0x08001b93   Thumb Code     0  startup_stm32f10x_hd.o(.text)
    TIM1_BRK_IRQHandler                      0x08001b93   Thumb Code     0  startup_stm32f10x_hd.o(.text)
    TIM1_CC_IRQHandler                       0x08001b93   Thumb Code     0  startup_stm32f10x_hd.o(.text)
    TIM1_TRG_COM_IRQHandler                  0x08001b93   Thumb Code     0  startup_stm32f10x_hd.o(.text)
    TIM1_UP_IRQHandler                       0x08001b93   Thumb Code     0  startup_stm32f10x_hd.o(.text)
    TIM2_IRQHandler                          0x08001b93   Thumb Code     0  startup_stm32f10x_hd.o(.text)
    TIM3_IRQHandler                          0x08001b93   Thumb Code     0  startup_stm32f10x_hd.o(.text)
    TIM4_IRQHandler                          0x08001b93   Thumb Code     0  startup_stm32f10x_hd.o(.text)
    TIM5_IRQHandler                          0x08001b93   Thumb Code     0  startup_stm32f10x_hd.o(.text)
    TIM6_IRQHandler                          0x08001b93   Thumb Code     0  startup_stm32f10x_hd.o(.text)
    TIM7_IRQHandler                          0x08001b93   Thumb Code     0  startup_stm32f10x_hd.o(.text)
    TIM8_BRK_IRQHandler                      0x08001b93   Thumb Code     0  startup_stm32f10x_hd.o(.text)
    TIM8_CC_IRQHandler                       0x08001b93   Thumb Code     0  startup_stm32f10x_hd.o(.text)
    TIM8_TRG_COM_IRQHandler                  0x08001b93   Thumb Code     0  startup_stm32f10x_hd.o(.text)
    TIM8_UP_IRQHandler                       0x08001b93   Thumb Code     0  startup_stm32f10x_hd.o(.text)
    UART4_IRQHandler                         0x08001b93   Thumb Code     0  startup_stm32f10x_hd.o(.text)
    UART5_IRQHandler                         0x08001b93   Thumb Code     0  startup_stm32f10x_hd.o(.text)
    USART2_IRQHandler                        0x08001b93   Thumb Code     0  startup_stm32f10x_hd.o(.text)
    USART3_IRQHandler                        0x08001b93   Thumb Code     0  startup_stm32f10x_hd.o(.text)
    USBWakeUp_IRQHandler                     0x08001b93   Thumb Code     0  startup_stm32f10x_hd.o(.text)
    USB_HP_CAN1_TX_IRQHandler                0x08001b93   Thumb Code     0  startup_stm32f10x_hd.o(.text)
    USB_LP_CAN1_RX0_IRQHandler               0x08001b93   Thumb Code     0  startup_stm32f10x_hd.o(.text)
    WWDG_IRQHandler                          0x08001b93   Thumb Code     0  startup_stm32f10x_hd.o(.text)
    __user_initial_stackheap                 0x08001b95   Thumb Code     0  startup_stm32f10x_hd.o(.text)
    NVIC_PriorityGroupConfig                 0x08001bb9   Thumb Code    10  misc.o(.text)
    NVIC_Init                                0x08001bc3   Thumb Code    94  misc.o(.text)
    NVIC_SetVectorTable                      0x08001c21   Thumb Code    14  misc.o(.text)
    NVIC_SystemLPConfig                      0x08001c2f   Thumb Code    20  misc.o(.text)
    SysTick_CLKSourceConfig                  0x08001c43   Thumb Code    24  misc.o(.text)
    GPIO_DeInit                              0x08001c69   Thumb Code   152  stm32f10x_gpio.o(.text)
    GPIO_AFIODeInit                          0x08001d01   Thumb Code    22  stm32f10x_gpio.o(.text)
    GPIO_Init                                0x08001d17   Thumb Code   156  stm32f10x_gpio.o(.text)
    GPIO_StructInit                          0x08001db3   Thumb Code    16  stm32f10x_gpio.o(.text)
    GPIO_ReadInputDataBit                    0x08001dc3   Thumb Code    14  stm32f10x_gpio.o(.text)
    GPIO_ReadInputData                       0x08001dd1   Thumb Code     6  stm32f10x_gpio.o(.text)
    GPIO_ReadOutputDataBit                   0x08001dd7   Thumb Code    14  stm32f10x_gpio.o(.text)
    GPIO_ReadOutputData                      0x08001de5   Thumb Code     6  stm32f10x_gpio.o(.text)
    GPIO_SetBits                             0x08001deb   Thumb Code     4  stm32f10x_gpio.o(.text)
    GPIO_ResetBits                           0x08001def   Thumb Code     4  stm32f10x_gpio.o(.text)
    GPIO_WriteBit                            0x08001df3   Thumb Code    10  stm32f10x_gpio.o(.text)
    GPIO_Write                               0x08001dfd   Thumb Code     4  stm32f10x_gpio.o(.text)
    GPIO_PinLockConfig                       0x08001e01   Thumb Code    16  stm32f10x_gpio.o(.text)
    GPIO_EventOutputConfig                   0x08001e11   Thumb Code    22  stm32f10x_gpio.o(.text)
    GPIO_EventOutputCmd                      0x08001e27   Thumb Code     6  stm32f10x_gpio.o(.text)
    GPIO_PinRemapConfig                      0x08001e2d   Thumb Code    82  stm32f10x_gpio.o(.text)
    GPIO_EXTILineConfig                      0x08001e7f   Thumb Code    34  stm32f10x_gpio.o(.text)
    GPIO_ETH_MediaInterfaceConfig            0x08001ea1   Thumb Code     8  stm32f10x_gpio.o(.text)
    RCC_DeInit                               0x08001ecd   Thumb Code    50  stm32f10x_rcc.o(.text)
    RCC_HSEConfig                            0x08001eff   Thumb Code    48  stm32f10x_rcc.o(.text)
    RCC_GetFlagStatus                        0x08001f2f   Thumb Code    42  stm32f10x_rcc.o(.text)
    RCC_WaitForHSEStartUp                    0x08001f59   Thumb Code    44  stm32f10x_rcc.o(.text)
    RCC_AdjustHSICalibrationValue            0x08001f85   Thumb Code    16  stm32f10x_rcc.o(.text)
    RCC_HSICmd                               0x08001f95   Thumb Code     6  stm32f10x_rcc.o(.text)
    RCC_PLLConfig                            0x08001f9b   Thumb Code    16  stm32f10x_rcc.o(.text)
    RCC_PLLCmd                               0x08001fab   Thumb Code     6  stm32f10x_rcc.o(.text)
    RCC_SYSCLKConfig                         0x08001fb1   Thumb Code    14  stm32f10x_rcc.o(.text)
    RCC_GetSYSCLKSource                      0x08001fbf   Thumb Code    10  stm32f10x_rcc.o(.text)
    RCC_HCLKConfig                           0x08001fc9   Thumb Code    14  stm32f10x_rcc.o(.text)
    RCC_PCLK1Config                          0x08001fd7   Thumb Code    14  stm32f10x_rcc.o(.text)
    RCC_PCLK2Config                          0x08001fe5   Thumb Code    16  stm32f10x_rcc.o(.text)
    RCC_ITConfig                             0x08001ff5   Thumb Code    18  stm32f10x_rcc.o(.text)
    RCC_USBCLKConfig                         0x08002007   Thumb Code     8  stm32f10x_rcc.o(.text)
    RCC_ADCCLKConfig                         0x0800200f   Thumb Code    14  stm32f10x_rcc.o(.text)
    RCC_LSEConfig                            0x0800201d   Thumb Code    28  stm32f10x_rcc.o(.text)
    RCC_LSICmd                               0x08002039   Thumb Code     6  stm32f10x_rcc.o(.text)
    RCC_RTCCLKConfig                         0x0800203f   Thumb Code    10  stm32f10x_rcc.o(.text)
    RCC_RTCCLKCmd                            0x08002049   Thumb Code     8  stm32f10x_rcc.o(.text)
    RCC_GetClocksFreq                        0x08002051   Thumb Code   132  stm32f10x_rcc.o(.text)
    RCC_AHBPeriphClockCmd                    0x080020d5   Thumb Code    18  stm32f10x_rcc.o(.text)
    RCC_APB2PeriphClockCmd                   0x080020e7   Thumb Code    18  stm32f10x_rcc.o(.text)
    RCC_APB1PeriphClockCmd                   0x080020f9   Thumb Code    18  stm32f10x_rcc.o(.text)
    RCC_APB2PeriphResetCmd                   0x0800210b   Thumb Code    18  stm32f10x_rcc.o(.text)
    RCC_APB1PeriphResetCmd                   0x0800211d   Thumb Code    18  stm32f10x_rcc.o(.text)
    RCC_BackupResetCmd                       0x0800212f   Thumb Code     8  stm32f10x_rcc.o(.text)
    RCC_ClockSecuritySystemCmd               0x08002137   Thumb Code     6  stm32f10x_rcc.o(.text)
    RCC_MCOConfig                            0x0800213d   Thumb Code     6  stm32f10x_rcc.o(.text)
    RCC_ClearFlag                            0x08002143   Thumb Code    12  stm32f10x_rcc.o(.text)
    RCC_GetITStatus                          0x0800214f   Thumb Code    16  stm32f10x_rcc.o(.text)
    RCC_ClearITPendingBit                    0x0800215f   Thumb Code     6  stm32f10x_rcc.o(.text)
    USART_DeInit                             0x08002185   Thumb Code    96  stm32f10x_usart.o(.text)
    USART_Init                               0x080021e5   Thumb Code   166  stm32f10x_usart.o(.text)
    USART_StructInit                         0x0800228b   Thumb Code    22  stm32f10x_usart.o(.text)
    USART_ClockInit                          0x080022a1   Thumb Code    30  stm32f10x_usart.o(.text)
    USART_ClockStructInit                    0x080022bf   Thumb Code    12  stm32f10x_usart.o(.text)
    USART_Cmd                                0x080022cb   Thumb Code    20  stm32f10x_usart.o(.text)
    USART_ITConfig                           0x080022df   Thumb Code    48  stm32f10x_usart.o(.text)
    USART_DMACmd                             0x0800230f   Thumb Code    16  stm32f10x_usart.o(.text)
    USART_SetAddress                         0x0800231f   Thumb Code    16  stm32f10x_usart.o(.text)
    USART_WakeUpConfig                       0x0800232f   Thumb Code    16  stm32f10x_usart.o(.text)
    USART_ReceiverWakeUpCmd                  0x0800233f   Thumb Code    20  stm32f10x_usart.o(.text)
    USART_LINBreakDetectLengthConfig         0x08002353   Thumb Code    16  stm32f10x_usart.o(.text)
    USART_LINCmd                             0x08002363   Thumb Code    20  stm32f10x_usart.o(.text)
    USART_SendData                           0x08002377   Thumb Code     8  stm32f10x_usart.o(.text)
    USART_ReceiveData                        0x0800237f   Thumb Code     8  stm32f10x_usart.o(.text)
    USART_SendBreak                          0x08002387   Thumb Code    10  stm32f10x_usart.o(.text)
    USART_SetGuardTime                       0x08002391   Thumb Code    16  stm32f10x_usart.o(.text)
    USART_SetPrescaler                       0x080023a1   Thumb Code    16  stm32f10x_usart.o(.text)
    USART_SmartCardCmd                       0x080023b1   Thumb Code    20  stm32f10x_usart.o(.text)
    USART_SmartCardNACKCmd                   0x080023c5   Thumb Code    20  stm32f10x_usart.o(.text)
    USART_HalfDuplexCmd                      0x080023d9   Thumb Code    20  stm32f10x_usart.o(.text)
    USART_OverSampling8Cmd                   0x080023ed   Thumb Code    20  stm32f10x_usart.o(.text)
    USART_OneBitMethodCmd                    0x08002401   Thumb Code    20  stm32f10x_usart.o(.text)
    USART_IrDAConfig                         0x08002415   Thumb Code    16  stm32f10x_usart.o(.text)
    USART_IrDACmd                            0x08002425   Thumb Code    20  stm32f10x_usart.o(.text)
    USART_GetFlagStatus                      0x08002439   Thumb Code    14  stm32f10x_usart.o(.text)
    USART_ClearFlag                          0x08002447   Thumb Code     6  stm32f10x_usart.o(.text)
    USART_GetITStatus                        0x0800244d   Thumb Code    62  stm32f10x_usart.o(.text)
    USART_ClearITPendingBit                  0x0800248b   Thumb Code    12  stm32f10x_usart.o(.text)
    TIM_DeInit                               0x080024ad   Thumb Code   304  stm32f10x_tim.o(.text)
    TIM_TimeBaseInit                         0x080025dd   Thumb Code   114  stm32f10x_tim.o(.text)
    TIM_OC1Init                              0x0800264f   Thumb Code   106  stm32f10x_tim.o(.text)
    TIM_OC2Init                              0x080026b9   Thumb Code   120  stm32f10x_tim.o(.text)
    TIM_OC3Init                              0x08002731   Thumb Code   116  stm32f10x_tim.o(.text)
    TIM_OC4Init                              0x080027a5   Thumb Code    90  stm32f10x_tim.o(.text)
    TIM_SetIC4Prescaler                      0x080027ff   Thumb Code    24  stm32f10x_tim.o(.text)
    TIM_SetIC3Prescaler                      0x08002817   Thumb Code    16  stm32f10x_tim.o(.text)
    TIM_SetIC2Prescaler                      0x08002827   Thumb Code    24  stm32f10x_tim.o(.text)
    TIM_SetIC1Prescaler                      0x080028e5   Thumb Code    16  stm32f10x_tim.o(.text)
    TIM_ICInit                               0x0800294d   Thumb Code   270  stm32f10x_tim.o(.text)
    TIM_PWMIConfig                           0x08002a5b   Thumb Code   104  stm32f10x_tim.o(.text)
    TIM_BDTRConfig                           0x08002ac3   Thumb Code    34  stm32f10x_tim.o(.text)
    TIM_TimeBaseStructInit                   0x08002ae5   Thumb Code    18  stm32f10x_tim.o(.text)
    TIM_OCStructInit                         0x08002af7   Thumb Code    20  stm32f10x_tim.o(.text)
    TIM_ICStructInit                         0x08002b0b   Thumb Code    16  stm32f10x_tim.o(.text)
    TIM_BDTRStructInit                       0x08002b1b   Thumb Code    18  stm32f10x_tim.o(.text)
    TIM_Cmd                                  0x08002b2d   Thumb Code    20  stm32f10x_tim.o(.text)
    TIM_CtrlPWMOutputs                       0x08002b41   Thumb Code    22  stm32f10x_tim.o(.text)
    TIM_ITConfig                             0x08002b57   Thumb Code    16  stm32f10x_tim.o(.text)
    TIM_GenerateEvent                        0x08002b67   Thumb Code     4  stm32f10x_tim.o(.text)
    TIM_DMAConfig                            0x08002b6b   Thumb Code     8  stm32f10x_tim.o(.text)
    TIM_DMACmd                               0x08002b73   Thumb Code    16  stm32f10x_tim.o(.text)
    TIM_InternalClockConfig                  0x08002b83   Thumb Code    10  stm32f10x_tim.o(.text)
    TIM_SelectInputTrigger                   0x08002b8d   Thumb Code    12  stm32f10x_tim.o(.text)
    TIM_ITRxExternalClockConfig              0x08002b99   Thumb Code    18  stm32f10x_tim.o(.text)
    TIM_TIxExternalClockConfig               0x08002bab   Thumb Code    46  stm32f10x_tim.o(.text)
    TIM_ETRConfig                            0x08002bd9   Thumb Code    24  stm32f10x_tim.o(.text)
    TIM_ETRClockMode1Config                  0x08002bf1   Thumb Code    18  stm32f10x_tim.o(.text)
    TIM_ETRClockMode2Config                  0x08002c03   Thumb Code    18  stm32f10x_tim.o(.text)
    TIM_PrescalerConfig                      0x08002c15   Thumb Code     6  stm32f10x_tim.o(.text)
    TIM_CounterModeConfig                    0x08002c1b   Thumb Code    12  stm32f10x_tim.o(.text)
    TIM_EncoderInterfaceConfig               0x08002c27   Thumb Code    50  stm32f10x_tim.o(.text)
    TIM_ForcedOC1Config                      0x08002c59   Thumb Code    12  stm32f10x_tim.o(.text)
    TIM_ForcedOC2Config                      0x08002c65   Thumb Code    20  stm32f10x_tim.o(.text)
    TIM_ForcedOC3Config                      0x08002c79   Thumb Code    12  stm32f10x_tim.o(.text)
    TIM_ForcedOC4Config                      0x08002c85   Thumb Code    20  stm32f10x_tim.o(.text)
    TIM_ARRPreloadConfig                     0x08002c99   Thumb Code    20  stm32f10x_tim.o(.text)
    TIM_SelectCOM                            0x08002cad   Thumb Code    20  stm32f10x_tim.o(.text)
    TIM_SelectCCDMA                          0x08002cc1   Thumb Code    20  stm32f10x_tim.o(.text)
    TIM_CCPreloadControl                     0x08002cd5   Thumb Code    20  stm32f10x_tim.o(.text)
    TIM_OC1PreloadConfig                     0x08002ce9   Thumb Code    32  stm32f10x_tim.o(.text)
    TIM_OC2PreloadConfig                     0x08002d09   Thumb Code    20  stm32f10x_tim.o(.text)
    TIM_OC3PreloadConfig                     0x08002d1d   Thumb Code    12  stm32f10x_tim.o(.text)
    TIM_OC4PreloadConfig                     0x08002d29   Thumb Code    20  stm32f10x_tim.o(.text)
    TIM_OC1FastConfig                        0x08002d3d   Thumb Code    12  stm32f10x_tim.o(.text)
    TIM_OC2FastConfig                        0x08002d49   Thumb Code    20  stm32f10x_tim.o(.text)
    TIM_OC3FastConfig                        0x08002d5d   Thumb Code    12  stm32f10x_tim.o(.text)
    TIM_OC4FastConfig                        0x08002d69   Thumb Code    20  stm32f10x_tim.o(.text)
    TIM_ClearOC1Ref                          0x08002d7d   Thumb Code    12  stm32f10x_tim.o(.text)
    TIM_ClearOC2Ref                          0x08002d89   Thumb Code    20  stm32f10x_tim.o(.text)
    TIM_ClearOC3Ref                          0x08002d9d   Thumb Code    12  stm32f10x_tim.o(.text)
    TIM_ClearOC4Ref                          0x08002da9   Thumb Code    20  stm32f10x_tim.o(.text)
    TIM_OC1PolarityConfig                    0x08002dbd   Thumb Code    12  stm32f10x_tim.o(.text)
    TIM_OC1NPolarityConfig                   0x08002dc9   Thumb Code    12  stm32f10x_tim.o(.text)
    TIM_OC2PolarityConfig                    0x08002dd5   Thumb Code    20  stm32f10x_tim.o(.text)
    TIM_OC2NPolarityConfig                   0x08002de9   Thumb Code    20  stm32f10x_tim.o(.text)
    TIM_OC3PolarityConfig                    0x08002dfd   Thumb Code    20  stm32f10x_tim.o(.text)
    TIM_OC3NPolarityConfig                   0x08002e11   Thumb Code    20  stm32f10x_tim.o(.text)
    TIM_OC4PolarityConfig                    0x08002e25   Thumb Code    20  stm32f10x_tim.o(.text)
    TIM_CCxCmd                               0x08002e39   Thumb Code    22  stm32f10x_tim.o(.text)
    TIM_CCxNCmd                              0x08002e4f   Thumb Code    22  stm32f10x_tim.o(.text)
    TIM_SelectOCxM                           0x08002e65   Thumb Code    70  stm32f10x_tim.o(.text)
    TIM_UpdateDisableConfig                  0x08002eab   Thumb Code    20  stm32f10x_tim.o(.text)
    TIM_UpdateRequestConfig                  0x08002ebf   Thumb Code    20  stm32f10x_tim.o(.text)
    TIM_SelectHallSensor                     0x08002ed3   Thumb Code    20  stm32f10x_tim.o(.text)
    TIM_SelectOnePulseMode                   0x08002ee7   Thumb Code    16  stm32f10x_tim.o(.text)
    TIM_SelectOutputTrigger                  0x08002ef7   Thumb Code    16  stm32f10x_tim.o(.text)
    TIM_SelectSlaveMode                      0x08002f07   Thumb Code    16  stm32f10x_tim.o(.text)
    TIM_SelectMasterSlaveMode                0x08002f17   Thumb Code    16  stm32f10x_tim.o(.text)
    TIM_SetCounter                           0x08002f27   Thumb Code     4  stm32f10x_tim.o(.text)
    TIM_SetAutoreload                        0x08002f2b   Thumb Code     4  stm32f10x_tim.o(.text)
    TIM_SetCompare1                          0x08002f2f   Thumb Code     4  stm32f10x_tim.o(.text)
    TIM_SetCompare2                          0x08002f33   Thumb Code     4  stm32f10x_tim.o(.text)
    TIM_SetCompare3                          0x08002f37   Thumb Code     4  stm32f10x_tim.o(.text)
    TIM_SetCompare4                          0x08002f3b   Thumb Code     6  stm32f10x_tim.o(.text)
    TIM_SetClockDivision                     0x08002f41   Thumb Code    16  stm32f10x_tim.o(.text)
    TIM_GetCapture1                          0x08002f51   Thumb Code     4  stm32f10x_tim.o(.text)
    TIM_GetCapture2                          0x08002f55   Thumb Code     4  stm32f10x_tim.o(.text)
    TIM_GetCapture3                          0x08002f59   Thumb Code     4  stm32f10x_tim.o(.text)
    TIM_GetCapture4                          0x08002f5d   Thumb Code     6  stm32f10x_tim.o(.text)
    TIM_GetCounter                           0x08002f63   Thumb Code     4  stm32f10x_tim.o(.text)
    TIM_GetPrescaler                         0x08002f67   Thumb Code     4  stm32f10x_tim.o(.text)
    TIM_GetFlagStatus                        0x08002f6b   Thumb Code    14  stm32f10x_tim.o(.text)
    TIM_ClearFlag                            0x08002f79   Thumb Code     6  stm32f10x_tim.o(.text)
    TIM_GetITStatus                          0x08002f7f   Thumb Code    24  stm32f10x_tim.o(.text)
    TIM_ClearITPendingBit                    0x08002f97   Thumb Code     6  stm32f10x_tim.o(.text)
    ADC_DeInit                               0x08002f9d   Thumb Code    56  stm32f10x_adc.o(.text)
    ADC_Init                                 0x08002fd5   Thumb Code    62  stm32f10x_adc.o(.text)
    ADC_StructInit                           0x08003013   Thumb Code    18  stm32f10x_adc.o(.text)
    ADC_Cmd                                  0x08003025   Thumb Code    20  stm32f10x_adc.o(.text)
    ADC_DMACmd                               0x08003039   Thumb Code    20  stm32f10x_adc.o(.text)
    ADC_ITConfig                             0x0800304d   Thumb Code    18  stm32f10x_adc.o(.text)
    ADC_ResetCalibration                     0x0800305f   Thumb Code    10  stm32f10x_adc.o(.text)
    ADC_GetResetCalibrationStatus            0x08003069   Thumb Code    14  stm32f10x_adc.o(.text)
    ADC_StartCalibration                     0x08003077   Thumb Code    10  stm32f10x_adc.o(.text)
    ADC_GetCalibrationStatus                 0x08003081   Thumb Code    14  stm32f10x_adc.o(.text)
    ADC_SoftwareStartConvCmd                 0x0800308f   Thumb Code    20  stm32f10x_adc.o(.text)
    ADC_GetSoftwareStartConvStatus           0x080030a3   Thumb Code    14  stm32f10x_adc.o(.text)
    ADC_DiscModeChannelCountConfig           0x080030b1   Thumb Code    16  stm32f10x_adc.o(.text)
    ADC_DiscModeCmd                          0x080030c1   Thumb Code    20  stm32f10x_adc.o(.text)
    ADC_RegularChannelConfig                 0x080030d5   Thumb Code   116  stm32f10x_adc.o(.text)
    ADC_ExternalTrigConvCmd                  0x08003149   Thumb Code    20  stm32f10x_adc.o(.text)
    ADC_GetConversionValue                   0x0800315d   Thumb Code     6  stm32f10x_adc.o(.text)
    ADC_GetDualModeConversionValue           0x08003163   Thumb Code     8  stm32f10x_adc.o(.text)
    ADC_AutoInjectedConvCmd                  0x0800316b   Thumb Code    20  stm32f10x_adc.o(.text)
    ADC_InjectedDiscModeCmd                  0x0800317f   Thumb Code    20  stm32f10x_adc.o(.text)
    ADC_ExternalTrigInjectedConvConfig       0x08003193   Thumb Code    12  stm32f10x_adc.o(.text)
    ADC_ExternalTrigInjectedConvCmd          0x0800319f   Thumb Code    20  stm32f10x_adc.o(.text)
    ADC_SoftwareStartInjectedConvCmd         0x080031b3   Thumb Code    20  stm32f10x_adc.o(.text)
    ADC_GetSoftwareStartInjectedConvCmdStatus 0x080031c7   Thumb Code    14  stm32f10x_adc.o(.text)
    ADC_InjectedChannelConfig                0x080031d5   Thumb Code    74  stm32f10x_adc.o(.text)
    ADC_InjectedSequencerLengthConfig        0x0800321f   Thumb Code    16  stm32f10x_adc.o(.text)
    ADC_SetInjectedOffset                    0x0800322f   Thumb Code    10  stm32f10x_adc.o(.text)
    ADC_GetInjectedConversionValue           0x08003239   Thumb Code    14  stm32f10x_adc.o(.text)
    ADC_AnalogWatchdogCmd                    0x08003247   Thumb Code    12  stm32f10x_adc.o(.text)
    ADC_AnalogWatchdogThresholdsConfig       0x08003253   Thumb Code     6  stm32f10x_adc.o(.text)
    ADC_AnalogWatchdogSingleChannelConfig    0x08003259   Thumb Code    12  stm32f10x_adc.o(.text)
    ADC_TempSensorVrefintCmd                 0x08003265   Thumb Code    24  stm32f10x_adc.o(.text)
    ADC_GetFlagStatus                        0x0800327d   Thumb Code    14  stm32f10x_adc.o(.text)
    ADC_ClearFlag                            0x0800328b   Thumb Code     6  stm32f10x_adc.o(.text)
    ADC_GetITStatus                          0x08003291   Thumb Code    28  stm32f10x_adc.o(.text)
    ADC_ClearITPendingBit                    0x080032ad   Thumb Code     8  stm32f10x_adc.o(.text)
    DMA_DeInit                               0x080032cd   Thumb Code   218  stm32f10x_dma.o(.text)
    DMA_Init                                 0x080033a7   Thumb Code    58  stm32f10x_dma.o(.text)
    DMA_StructInit                           0x080033e1   Thumb Code    26  stm32f10x_dma.o(.text)
    DMA_Cmd                                  0x080033fb   Thumb Code    22  stm32f10x_dma.o(.text)
    DMA_ITConfig                             0x08003411   Thumb Code    16  stm32f10x_dma.o(.text)
    DMA_SetCurrDataCounter                   0x08003421   Thumb Code     4  stm32f10x_dma.o(.text)
    DMA_GetCurrDataCounter                   0x08003425   Thumb Code     6  stm32f10x_dma.o(.text)
    DMA_GetFlagStatus                        0x0800342b   Thumb Code    28  stm32f10x_dma.o(.text)
    DMA_ClearFlag                            0x08003447   Thumb Code    20  stm32f10x_dma.o(.text)
    DMA_GetITStatus                          0x0800345b   Thumb Code    28  stm32f10x_dma.o(.text)
    DMA_ClearITPendingBit                    0x08003477   Thumb Code    20  stm32f10x_dma.o(.text)
    vListInitialise                          0x08003495   Thumb Code    22  list.o(.text)
    vListInitialiseItem                      0x080034ab   Thumb Code     6  list.o(.text)
    vListInsertEnd                           0x080034b1   Thumb Code    24  list.o(.text)
    vListInsert                              0x080034c9   Thumb Code    48  list.o(.text)
    uxListRemove                             0x080034f9   Thumb Code    36  list.o(.text)
    xQueueGenericReset                       0x0800351d   Thumb Code   128  queue.o(.text)
    xQueueGenericCreate                      0x0800359d   Thumb Code    82  queue.o(.text)
    xQueueGenericSend                        0x0800373d   Thumb Code   350  queue.o(.text)
    xQueueCreateMutex                        0x0800389b   Thumb Code    36  queue.o(.text)
    xQueueGiveMutexRecursive                 0x080038bf   Thumb Code    98  queue.o(.text)
    xQueueGenericReceive                     0x08003947   Thumb Code   356  queue.o(.text)
    xQueueTakeMutexRecursive                 0x08003aab   Thumb Code    68  queue.o(.text)
    xQueueCreateCountingSemaphore            0x08003aef   Thumb Code    62  queue.o(.text)
    xQueueGenericSendFromISR                 0x08003b2d   Thumb Code   200  queue.o(.text)
    xQueueGiveFromISR                        0x08003bf5   Thumb Code   172  queue.o(.text)
    xQueueReceiveFromISR                     0x08003ca1   Thumb Code   150  queue.o(.text)
    xQueuePeekFromISR                        0x08003d37   Thumb Code   114  queue.o(.text)
    uxQueueMessagesWaiting                   0x08003da9   Thumb Code    36  queue.o(.text)
    uxQueueSpacesAvailable                   0x08003dcd   Thumb Code    40  queue.o(.text)
    uxQueueMessagesWaitingFromISR            0x08003df5   Thumb Code    26  queue.o(.text)
    vQueueUnregisterQueue                    0x08003e0f   Thumb Code    36  queue.o(.text)
    vQueueDelete                             0x08003e33   Thumb Code    38  queue.o(.text)
    uxQueueGetQueueNumber                    0x08003e59   Thumb Code     4  queue.o(.text)
    vQueueSetQueueNumber                     0x08003e5d   Thumb Code     4  queue.o(.text)
    ucQueueGetQueueType                      0x08003e61   Thumb Code     6  queue.o(.text)
    xQueueIsQueueEmptyFromISR                0x08003e67   Thumb Code    34  queue.o(.text)
    xQueueIsQueueFullFromISR                 0x08003e89   Thumb Code    38  queue.o(.text)
    vQueueAddToRegistry                      0x08003eaf   Thumb Code    32  queue.o(.text)
    pcQueueGetName                           0x08003ecf   Thumb Code    34  queue.o(.text)
    vQueueWaitForMessageRestricted           0x08003ef1   Thumb Code    68  queue.o(.text)
    xQueueCreateSet                          0x08003f35   Thumb Code     8  queue.o(.text)
    xQueueAddToSet                           0x08003f3d   Thumb Code    34  queue.o(.text)
    xQueueRemoveFromSet                      0x08003f5f   Thumb Code    34  queue.o(.text)
    xQueueSelectFromSet                      0x08003f81   Thumb Code    18  queue.o(.text)
    xQueueSelectFromSetFromISR               0x08003f93   Thumb Code    18  queue.o(.text)
    xTaskCreate                              0x08004089   Thumb Code    86  tasks.o(.text)
    vTaskDelete                              0x080040df   Thumb Code   154  tasks.o(.text)
    xTaskIncrementTick                       0x08004179   Thumb Code   186  tasks.o(.text)
    xTaskResumeAll                           0x08004233   Thumb Code   182  tasks.o(.text)
    vTaskSuspendAll                          0x0800434f   Thumb Code    10  tasks.o(.text)
    vTaskDelayUntil                          0x08004359   Thumb Code   180  tasks.o(.text)
    vTaskDelay                               0x0800440d   Thumb Code    66  tasks.o(.text)
    eTaskGetState                            0x0800444f   Thumb Code    94  tasks.o(.text)
    uxTaskPriorityGet                        0x080044ad   Thumb Code    24  tasks.o(.text)
    uxTaskPriorityGetFromISR                 0x080044c5   Thumb Code    40  tasks.o(.text)
    vTaskPrioritySet                         0x080044ed   Thumb Code   184  tasks.o(.text)
    vTaskSwitchContext                       0x080045a5   Thumb Code    84  tasks.o(.text)
    vTaskSuspend                             0x080045f9   Thumb Code   156  tasks.o(.text)
    vTaskResume                              0x080046c5   Thumb Code   116  tasks.o(.text)
    xTaskResumeFromISR                       0x08004739   Thumb Code   126  tasks.o(.text)
    vTaskStartScheduler                      0x080047d5   Thumb Code   130  tasks.o(.text)
    vTaskEndScheduler                        0x08004857   Thumb Code    24  tasks.o(.text)
    xTaskGetTickCount                        0x0800486f   Thumb Code     6  tasks.o(.text)
    xTaskGetTickCountFromISR                 0x08004875   Thumb Code    12  tasks.o(.text)
    uxTaskGetNumberOfTasks                   0x08004881   Thumb Code     6  tasks.o(.text)
    pcTaskGetName                            0x08004887   Thumb Code    38  tasks.o(.text)
    xTaskGetHandle                           0x08004905   Thumb Code   120  tasks.o(.text)
    vTaskGetInfo                             0x0800497d   Thumb Code   114  tasks.o(.text)
    uxTaskGetSystemState                     0x08004a43   Thumb Code   156  tasks.o(.text)
    vTaskPlaceOnEventList                    0x08004adf   Thumb Code    48  tasks.o(.text)
    vTaskPlaceOnUnorderedEventList           0x08004b0f   Thumb Code    80  tasks.o(.text)
    vTaskPlaceOnEventListRestricted          0x08004b5f   Thumb Code    56  tasks.o(.text)
    xTaskRemoveFromEventList                 0x08004b97   Thumb Code   106  tasks.o(.text)
    xTaskRemoveFromUnorderedEventList        0x08004c01   Thumb Code   132  tasks.o(.text)
    vTaskSetTimeOutState                     0x08004c85   Thumb Code    34  tasks.o(.text)
    xTaskCheckForTimeOut                     0x08004ca7   Thumb Code   102  tasks.o(.text)
    vTaskMissedYield                         0x08004d0d   Thumb Code     8  tasks.o(.text)
    uxTaskGetTaskNumber                      0x08004d15   Thumb Code     8  tasks.o(.text)
    vTaskSetTaskNumber                       0x08004d1d   Thumb Code     8  tasks.o(.text)
    uxTaskGetStackHighWaterMark              0x08004d25   Thumb Code    12  tasks.o(.text)
    xTaskGetCurrentTaskHandle                0x08004d31   Thumb Code     6  tasks.o(.text)
    xTaskGetSchedulerState                   0x08004d37   Thumb Code    22  tasks.o(.text)
    vTaskPriorityInherit                     0x08004d4d   Thumb Code   124  tasks.o(.text)
    xTaskPriorityDisinherit                  0x08004dc9   Thumb Code   144  tasks.o(.text)
    vTaskList                                0x08004e59   Thumb Code   188  tasks.o(.text)
    uxTaskResetEventItemValue                0x08004f15   Thumb Code    20  tasks.o(.text)
    pvTaskIncrementMutexHeldCount            0x08004f29   Thumb Code    18  tasks.o(.text)
    ulTaskNotifyTake                         0x08004f3b   Thumb Code    96  tasks.o(.text)
    xTaskNotifyWait                          0x08004f9b   Thumb Code   128  tasks.o(.text)
    xTaskGenericNotify                       0x0800501b   Thumb Code   220  tasks.o(.text)
    xTaskGenericNotifyFromISR                0x080050f7   Thumb Code   226  tasks.o(.text)
    vTaskNotifyGiveFromISR                   0x080051d9   Thumb Code   168  tasks.o(.text)
    xTaskNotifyStateClear                    0x08005281   Thumb Code    44  tasks.o(.text)
    xTimerGenericCommand                     0x0800543d   Thumb Code    98  timers.o(.text)
    xTimerCreateTimerTask                    0x080055c3   Thumb Code    58  timers.o(.text)
    xTimerCreate                             0x080055fd   Thumb Code    72  timers.o(.text)
    xTimerGetTimerDaemonTaskHandle           0x08005645   Thumb Code    24  timers.o(.text)
    xTimerGetPeriod                          0x0800565d   Thumb Code    22  timers.o(.text)
    xTimerGetExpiryTime                      0x08005673   Thumb Code    22  timers.o(.text)
    pcTimerGetName                           0x08005689   Thumb Code    22  timers.o(.text)
    xTimerIsTimerActive                      0x0800569f   Thumb Code    40  timers.o(.text)
    pvTimerGetTimerID                        0x080056c7   Thumb Code    32  timers.o(.text)
    vTimerSetTimerID                         0x080056e7   Thumb Code    34  timers.o(.text)
    xTimerPendFunctionCallFromISR            0x08005709   Thumb Code    34  timers.o(.text)
    xTimerPendFunctionCall                   0x0800572b   Thumb Code    60  timers.o(.text)
    pxPortInitialiseStack                    0x08005943   Thumb Code    32  port.o(.text)
    vPortSetupTimerInterrupt                 0x08005963   Thumb Code    26  port.o(.text)
    xPortStartScheduler                      0x0800597d   Thumb Code   108  port.o(.text)
    vPortEndScheduler                        0x080059e9   Thumb Code    24  port.o(.text)
    vPortEnterCritical                       0x08005a01   Thumb Code    52  port.o(.text)
    vPortExitCritical                        0x08005a35   Thumb Code    34  port.o(.text)
    xPortSysTickHandler                      0x08005a57   Thumb Code    40  port.o(.text)
    vPortValidateInterruptPriority           0x08005a7f   Thumb Code    72  port.o(.text)
    pvPortMalloc                             0x08005b61   Thumb Code   214  heap_4.o(.text)
    vPortFree                                0x08005c37   Thumb Code    96  heap_4.o(.text)
    xPortGetFreeHeapSize                     0x08005c97   Thumb Code     8  heap_4.o(.text)
    xPortGetMinimumEverFreeHeapSize          0x08005c9f   Thumb Code     8  heap_4.o(.text)
    vPortInitialiseBlocks                    0x08005ca7   Thumb Code     2  heap_4.o(.text)
    __use_no_semihosting                     0x08005d2d   Thumb Code     2  use_no_semi_2.o(.text)
    __2printf                                0x08005d31   Thumb Code    20  noretval__2printf.o(.text)
    __2sprintf                               0x08005d49   Thumb Code    34  noretval__2sprintf.o(.text)
    _printf_str                              0x08005d71   Thumb Code    82  _printf_str.o(.text)
    _printf_int_dec                          0x08005dc5   Thumb Code   104  _printf_dec.o(.text)
    __printf                                 0x08005e3d   Thumb Code   270  __printf_wp.o(.text)
    strcpy                                   0x08005f4b   Thumb Code    72  strcpy.o(.text)
    strlen                                   0x08005f93   Thumb Code    62  strlen.o(.text)
    __aeabi_memcpy                           0x08005fd1   Thumb Code     0  rt_memcpy_v6.o(.text)
    __rt_memcpy                              0x08005fd1   Thumb Code   138  rt_memcpy_v6.o(.text)
    _memcpy_lastbytes                        0x08006037   Thumb Code     0  rt_memcpy_v6.o(.text)
    __aeabi_memset                           0x0800605b   Thumb Code    16  aeabi_memset.o(.text)
    __use_two_region_memory                  0x0800606b   Thumb Code     2  heapauxi.o(.text)
    __rt_heap_escrow$2region                 0x0800606d   Thumb Code     2  heapauxi.o(.text)
    __rt_heap_expand$2region                 0x0800606f   Thumb Code     2  heapauxi.o(.text)
    __I$use$semihosting                      0x08006071   Thumb Code     0  use_no_semi.o(.text)
    __use_no_semihosting_swi                 0x08006071   Thumb Code     2  use_no_semi.o(.text)
    _printf_int_common                       0x08006073   Thumb Code   178  _printf_intcommon.o(.text)
    __lib_sel_fp_printf                      0x08006125   Thumb Code     2  _printf_fp_dec.o(.text)
    _printf_fp_dec_real                      0x080062d7   Thumb Code   620  _printf_fp_dec.o(.text)
    _printf_char_common                      0x0800654f   Thumb Code    32  _printf_char_common.o(.text)
    _sputc                                   0x08006575   Thumb Code    10  _sputc.o(.text)
    _printf_cs_common                        0x0800657f   Thumb Code    20  _printf_char.o(.text)
    _printf_char                             0x08006593   Thumb Code    16  _printf_char.o(.text)
    _printf_string                           0x080065a3   Thumb Code     8  _printf_char.o(.text)
    _printf_char_file                        0x080065ad   Thumb Code    32  _printf_char_file.o(.text)
    __aeabi_memcpy4                          0x080065d1   Thumb Code     0  rt_memcpy_w.o(.text)
    __aeabi_memcpy8                          0x080065d1   Thumb Code     0  rt_memcpy_w.o(.text)
    __rt_memcpy_w                            0x080065d1   Thumb Code   100  rt_memcpy_w.o(.text)
    _memcpy_lastbytes_aligned                0x08006619   Thumb Code     0  rt_memcpy_w.o(.text)
    __aeabi_memclr                           0x08006635   Thumb Code     0  rt_memclr.o(.text)
    __rt_memclr                              0x08006635   Thumb Code    68  rt_memclr.o(.text)
    _memset                                  0x08006639   Thumb Code     0  rt_memclr.o(.text)
    __rt_locale                              0x08006679   Thumb Code     8  rt_locale_intlibspace.o(.text)
    _ll_udiv10                               0x08006681   Thumb Code   138  lludiv10.o(.text)
    _printf_fp_infnan                        0x0800670d   Thumb Code   112  _printf_fp_infnan.o(.text)
    _btod_etento                             0x0800678d   Thumb Code   224  bigflt0.o(.text)
    ferror                                   0x08006871   Thumb Code     8  ferror.o(.text)
    __aeabi_memclr4                          0x08006879   Thumb Code     0  rt_memclr_w.o(.text)
    __aeabi_memclr8                          0x08006879   Thumb Code     0  rt_memclr_w.o(.text)
    __rt_memclr_w                            0x08006879   Thumb Code    78  rt_memclr_w.o(.text)
    _memset_w                                0x0800687d   Thumb Code     0  rt_memclr_w.o(.text)
    __user_libspace                          0x080068c9   Thumb Code     8  libspace.o(.text)
    __user_perproc_libspace                  0x080068c9   Thumb Code     0  libspace.o(.text)
    __user_perthread_libspace                0x080068c9   Thumb Code     0  libspace.o(.text)
    __user_setup_stackheap                   0x080068d1   Thumb Code    74  sys_stackheap_outer.o(.text)
    exit                                     0x0800691b   Thumb Code    18  exit.o(.text)
    strcmp                                   0x0800692d   Thumb Code   128  strcmpv7m.o(.text)
    _btod_d2e                                0x080069ad   Thumb Code    62  btod.o(CL$$btod_d2e)
    _d2e_denorm_low                          0x080069eb   Thumb Code    70  btod.o(CL$$btod_d2e_denorm_low)
    _d2e_norm_op1                            0x08006a31   Thumb Code    96  btod.o(CL$$btod_d2e_norm_op1)
    __btod_div_common                        0x08006a91   Thumb Code   696  btod.o(CL$$btod_div_common)
    _e2e                                     0x08006dc9   Thumb Code   220  btod.o(CL$$btod_e2e)
    _btod_ediv                               0x08006ea5   Thumb Code    42  btod.o(CL$$btod_ediv)
    _btod_emul                               0x08006ecf   Thumb Code    42  btod.o(CL$$btod_emul)
    __btod_mult_common                       0x08006ef9   Thumb Code   580  btod.o(CL$$btod_mult_common)
    __ARM_fpclassify                         0x0800713d   Thumb Code    40  fpclassify.o(i.__ARM_fpclassify)
    _is_digit                                0x08007165   Thumb Code    14  __printf_wp.o(i._is_digit)
    _get_lc_numeric                          0x08007175   Thumb Code    44  lc_numeric_c.o(locale$$code)
    __aeabi_d2f                              0x080071a1   Thumb Code     0  d2f.o(x$fpl$d2f)
    _d2f                                     0x080071a1   Thumb Code    98  d2f.o(x$fpl$d2f)
    __aeabi_dadd                             0x08007205   Thumb Code     0  daddsub_clz.o(x$fpl$dadd)
    _dadd                                    0x08007205   Thumb Code   332  daddsub_clz.o(x$fpl$dadd)
    __fpl_dcheck_NaN1                        0x08007355   Thumb Code    10  dcheck1.o(x$fpl$dcheck1)
    __fpl_dcmp_Inf                           0x08007365   Thumb Code    24  dcmpi.o(x$fpl$dcmpinf)
    __aeabi_ddiv                             0x0800737d   Thumb Code     0  ddiv.o(x$fpl$ddiv)
    _ddiv                                    0x0800737d   Thumb Code   552  ddiv.o(x$fpl$ddiv)
    __aeabi_d2iz                             0x0800762d   Thumb Code     0  dfix.o(x$fpl$dfix)
    _dfix                                    0x0800762d   Thumb Code    94  dfix.o(x$fpl$dfix)
    __aeabi_d2uiz                            0x0800768d   Thumb Code     0  dfixu.o(x$fpl$dfixu)
    _dfixu                                   0x0800768d   Thumb Code    90  dfixu.o(x$fpl$dfixu)
    __aeabi_i2d                              0x080076e7   Thumb Code     0  dflt_clz.o(x$fpl$dflt)
    _dflt                                    0x080076e7   Thumb Code    46  dflt_clz.o(x$fpl$dflt)
    __aeabi_ui2d                             0x08007715   Thumb Code     0  dflt_clz.o(x$fpl$dfltu)
    _dfltu                                   0x08007715   Thumb Code    38  dflt_clz.o(x$fpl$dfltu)
    __aeabi_cdcmple                          0x0800773d   Thumb Code     0  dleqf.o(x$fpl$dleqf)
    _dcmple                                  0x0800773d   Thumb Code   120  dleqf.o(x$fpl$dleqf)
    __fpl_dcmple_InfNaN                      0x0800779f   Thumb Code     0  dleqf.o(x$fpl$dleqf)
    __aeabi_dmul                             0x080077b5   Thumb Code     0  dmul.o(x$fpl$dmul)
    _dmul                                    0x080077b5   Thumb Code   332  dmul.o(x$fpl$dmul)
    __fpl_dnaninf                            0x08007909   Thumb Code   156  dnaninf.o(x$fpl$dnaninf)
    __fpl_dretinf                            0x080079a5   Thumb Code    12  dretinf.o(x$fpl$dretinf)
    __aeabi_drsub                            0x080079b1   Thumb Code     0  daddsub_clz.o(x$fpl$drsb)
    _drsb                                    0x080079b1   Thumb Code    22  daddsub_clz.o(x$fpl$drsb)
    __aeabi_dsub                             0x080079c9   Thumb Code     0  daddsub_clz.o(x$fpl$dsub)
    _dsub                                    0x080079c9   Thumb Code   464  daddsub_clz.o(x$fpl$dsub)
    __aeabi_f2d                              0x08007b9d   Thumb Code     0  f2d.o(x$fpl$f2d)
    _f2d                                     0x08007b9d   Thumb Code    86  f2d.o(x$fpl$f2d)
    __fpl_fcheck_NaN1                        0x08007bf5   Thumb Code     6  fcheck1.o(x$fpl$fcheck1)
    __aeabi_fdiv                             0x08007c01   Thumb Code     0  fdiv.o(x$fpl$fdiv)
    _fdiv                                    0x08007c01   Thumb Code   384  fdiv.o(x$fpl$fdiv)
    __aeabi_f2iz                             0x08007d85   Thumb Code     0  ffix.o(x$fpl$ffix)
    _ffix                                    0x08007d85   Thumb Code    54  ffix.o(x$fpl$ffix)
    __aeabi_ui2f                             0x08007dbd   Thumb Code     0  fflt_clz.o(x$fpl$ffltu)
    _ffltu                                   0x08007dbd   Thumb Code    38  fflt_clz.o(x$fpl$ffltu)
    __aeabi_fmul                             0x08007de5   Thumb Code     0  fmul.o(x$fpl$fmul)
    _fmul                                    0x08007de5   Thumb Code   258  fmul.o(x$fpl$fmul)
    __fpl_fnaninf                            0x08007ee7   Thumb Code   140  fnaninf.o(x$fpl$fnaninf)
    __fpl_fretinf                            0x08007f73   Thumb Code    10  fretinf.o(x$fpl$fretinf)
    _printf_fp_dec                           0x08007f7d   Thumb Code     4  printf1.o(x$fpl$printf1)
    __fpl_return_NaN                         0x08007f81   Thumb Code   100  retnan.o(x$fpl$retnan)
    __ARM_scalbn                             0x08007fe5   Thumb Code    92  scalbn.o(x$fpl$scalbn)
    __ARM_scalbnf                            0x08008041   Thumb Code    76  scalbnf.o(x$fpl$scalbnf)
    __fpl_cmpreturn                          0x0800808d   Thumb Code    48  trapv.o(x$fpl$trapveneer)
    F6x8                                     0x080080bc   Data         552  oled.o(.constdata)
    __I$use$fp                               0x080080bc   Number         0  usenofp.o(x$fpl$usenofp)
    F8X16                                    0x080082e4   Data        1520  oled.o(.constdata)
    Region$$Table$$Base                      0x08008968   Number         0  anon$$obj.o(Region$$Table)
    Region$$Table$$Limit                     0x08008988   Number         0  anon$$obj.o(Region$$Table)
    StartTask_Handler                        0x20000000   Data           4  main.o(.data)
    HardTask_Handler                         0x20000004   Data           4  main.o(.data)
    Sg90Task_Handler                         0x20000008   Data           4  main.o(.data)
    Mq2Task_Handler                          0x2000000c   Data           4  main.o(.data)
    light_value                              0x20000010   Data           4  main.o(.data)
    hc_sr04value                             0x20000014   Data           4  main.o(.data)
    MQ2_value                                0x20000018   Data           4  main.o(.data)
    DHT11_Data                               0x2000001c   Data           5  main.o(.data)
    SystemCoreClock                          0x20000024   Data           4  system_stm32f10x.o(.data)
    AHBPrescTable                            0x20000028   Data          16  system_stm32f10x.o(.data)
    BEEP_Status                              0x20000038   Data           1  beep.o(.data)
    Hzk                                      0x20000039   Data         896  oled.o(.data)
    ADC_ConvertedValue                       0x200003ba   Data           2  adc_dma.o(.data)
    USART_RX_STA                             0x200003c0   Data           2  usart.o(.data)
    __stdout                                 0x200003c4   Data           4  usart.o(.data)
    pxCurrentTCB                             0x200003dc   Data           4  tasks.o(.data)
    USART_RX_BUF                             0x20000450   Data         200  usart.o(.bss)
    xQueueRegistry                           0x20000518   Data          64  queue.o(.bss)
    __libspace_start                         0x20005864   Data          96  libspace.o(.bss)
    __temporary_stack_top$libspace           0x200058c4   Data           0  libspace.o(.bss)



==============================================================================

Memory Map of the image

  Image Entry point : 0x08000131

  Load Region LR_IROM1 (Base: 0x08000000, Size: 0x00008df4, Max: 0x00080000, ABSOLUTE, COMPRESSED[0x00008b34])

    Execution Region ER_IROM1 (Exec base: 0x08000000, Load base: 0x08000000, Size: 0x000089a4, Max: 0x00080000, ABSOLUTE)

    Exec Addr    Load Addr    Size         Type   Attr      Idx    E Section Name        Object

    0x08000000   0x08000000   0x00000130   Data   RO          489    RESET               startup_stm32f10x_hd.o
    0x08000130   0x08000130   0x00000008   Code   RO          805  * !!!main             c_w.l(__main.o)
    0x08000138   0x08000138   0x00000034   Code   RO         1103    !!!scatter          c_w.l(__scatter.o)
    0x0800016c   0x0800016c   0x0000005a   Code   RO         1101    !!dczerorl2         c_w.l(__dczerorl2.o)
    0x080001c6   0x080001c6   0x00000002   PAD
    0x080001c8   0x080001c8   0x0000001c   Code   RO         1105    !!handler_zi        c_w.l(__scatter_zi.o)
    0x080001e4   0x080001e4   0x00000000   Code   RO          794    .ARM.Collect$$_printf_percent$$00000000  c_w.l(_printf_percent.o)
    0x080001e4   0x080001e4   0x00000006   Code   RO          793    .ARM.Collect$$_printf_percent$$00000003  c_w.l(_printf_f.o)
    0x080001ea   0x080001ea   0x00000006   Code   RO          791    .ARM.Collect$$_printf_percent$$00000009  c_w.l(_printf_d.o)
    0x080001f0   0x080001f0   0x00000006   Code   RO          792    .ARM.Collect$$_printf_percent$$0000000A  c_w.l(_printf_u.o)
    0x080001f6   0x080001f6   0x00000006   Code   RO          789    .ARM.Collect$$_printf_percent$$00000013  c_w.l(_printf_c.o)
    0x080001fc   0x080001fc   0x00000006   Code   RO          790    .ARM.Collect$$_printf_percent$$00000014  c_w.l(_printf_s.o)
    0x08000202   0x08000202   0x00000004   Code   RO          876    .ARM.Collect$$_printf_percent$$00000017  c_w.l(_printf_percent_end.o)
    0x08000206   0x08000206   0x00000002   Code   RO          976    .ARM.Collect$$libinit$$00000000  c_w.l(libinit.o)
    0x08000208   0x08000208   0x00000000   Code   RO          978    .ARM.Collect$$libinit$$00000002  c_w.l(libinit2.o)
    0x08000208   0x08000208   0x00000000   Code   RO          980    .ARM.Collect$$libinit$$00000004  c_w.l(libinit2.o)
    0x08000208   0x08000208   0x00000000   Code   RO          983    .ARM.Collect$$libinit$$0000000A  c_w.l(libinit2.o)
    0x08000208   0x08000208   0x00000000   Code   RO          985    .ARM.Collect$$libinit$$0000000C  c_w.l(libinit2.o)
    0x08000208   0x08000208   0x00000000   Code   RO          987    .ARM.Collect$$libinit$$0000000E  c_w.l(libinit2.o)
    0x08000208   0x08000208   0x00000006   Code   RO          988    .ARM.Collect$$libinit$$0000000F  c_w.l(libinit2.o)
    0x0800020e   0x0800020e   0x00000000   Code   RO          990    .ARM.Collect$$libinit$$00000011  c_w.l(libinit2.o)
    0x0800020e   0x0800020e   0x00000000   Code   RO          992    .ARM.Collect$$libinit$$00000013  c_w.l(libinit2.o)
    0x0800020e   0x0800020e   0x00000000   Code   RO          994    .ARM.Collect$$libinit$$00000015  c_w.l(libinit2.o)
    0x0800020e   0x0800020e   0x0000000a   Code   RO          995    .ARM.Collect$$libinit$$00000016  c_w.l(libinit2.o)
    0x08000218   0x08000218   0x00000000   Code   RO          996    .ARM.Collect$$libinit$$00000017  c_w.l(libinit2.o)
    0x08000218   0x08000218   0x00000000   Code   RO          998    .ARM.Collect$$libinit$$00000019  c_w.l(libinit2.o)
    0x08000218   0x08000218   0x00000000   Code   RO         1000    .ARM.Collect$$libinit$$0000001B  c_w.l(libinit2.o)
    0x08000218   0x08000218   0x00000000   Code   RO         1002    .ARM.Collect$$libinit$$0000001D  c_w.l(libinit2.o)
    0x08000218   0x08000218   0x00000000   Code   RO         1004    .ARM.Collect$$libinit$$0000001F  c_w.l(libinit2.o)
    0x08000218   0x08000218   0x00000000   Code   RO         1006    .ARM.Collect$$libinit$$00000021  c_w.l(libinit2.o)
    0x08000218   0x08000218   0x00000000   Code   RO         1008    .ARM.Collect$$libinit$$00000023  c_w.l(libinit2.o)
    0x08000218   0x08000218   0x00000000   Code   RO         1010    .ARM.Collect$$libinit$$00000025  c_w.l(libinit2.o)
    0x08000218   0x08000218   0x00000000   Code   RO         1014    .ARM.Collect$$libinit$$0000002C  c_w.l(libinit2.o)
    0x08000218   0x08000218   0x00000000   Code   RO         1016    .ARM.Collect$$libinit$$0000002E  c_w.l(libinit2.o)
    0x08000218   0x08000218   0x00000000   Code   RO         1018    .ARM.Collect$$libinit$$00000030  c_w.l(libinit2.o)
    0x08000218   0x08000218   0x00000000   Code   RO         1020    .ARM.Collect$$libinit$$00000032  c_w.l(libinit2.o)
    0x08000218   0x08000218   0x00000002   Code   RO         1021    .ARM.Collect$$libinit$$00000033  c_w.l(libinit2.o)
    0x0800021a   0x0800021a   0x00000002   Code   RO         1051    .ARM.Collect$$libshutdown$$00000000  c_w.l(libshutdown.o)
    0x0800021c   0x0800021c   0x00000000   Code   RO         1060    .ARM.Collect$$libshutdown$$00000002  c_w.l(libshutdown2.o)
    0x0800021c   0x0800021c   0x00000000   Code   RO         1062    .ARM.Collect$$libshutdown$$00000004  c_w.l(libshutdown2.o)
    0x0800021c   0x0800021c   0x00000000   Code   RO         1065    .ARM.Collect$$libshutdown$$00000007  c_w.l(libshutdown2.o)
    0x0800021c   0x0800021c   0x00000000   Code   RO         1068    .ARM.Collect$$libshutdown$$0000000A  c_w.l(libshutdown2.o)
    0x0800021c   0x0800021c   0x00000000   Code   RO         1070    .ARM.Collect$$libshutdown$$0000000C  c_w.l(libshutdown2.o)
    0x0800021c   0x0800021c   0x00000000   Code   RO         1073    .ARM.Collect$$libshutdown$$0000000F  c_w.l(libshutdown2.o)
    0x0800021c   0x0800021c   0x00000002   Code   RO         1074    .ARM.Collect$$libshutdown$$00000010  c_w.l(libshutdown2.o)
    0x0800021e   0x0800021e   0x00000000   Code   RO          863    .ARM.Collect$$rtentry$$00000000  c_w.l(__rtentry.o)
    0x0800021e   0x0800021e   0x00000000   Code   RO          897    .ARM.Collect$$rtentry$$00000002  c_w.l(__rtentry2.o)
    0x0800021e   0x0800021e   0x00000006   Code   RO          909    .ARM.Collect$$rtentry$$00000004  c_w.l(__rtentry4.o)
    0x08000224   0x08000224   0x00000000   Code   RO          899    .ARM.Collect$$rtentry$$00000009  c_w.l(__rtentry2.o)
    0x08000224   0x08000224   0x00000004   Code   RO          900    .ARM.Collect$$rtentry$$0000000A  c_w.l(__rtentry2.o)
    0x08000228   0x08000228   0x00000000   Code   RO          902    .ARM.Collect$$rtentry$$0000000C  c_w.l(__rtentry2.o)
    0x08000228   0x08000228   0x00000008   Code   RO          903    .ARM.Collect$$rtentry$$0000000D  c_w.l(__rtentry2.o)
    0x08000230   0x08000230   0x00000002   Code   RO         1024    .ARM.Collect$$rtexit$$00000000  c_w.l(rtexit.o)
    0x08000232   0x08000232   0x00000000   Code   RO         1031    .ARM.Collect$$rtexit$$00000002  c_w.l(rtexit2.o)
    0x08000232   0x08000232   0x00000004   Code   RO         1032    .ARM.Collect$$rtexit$$00000003  c_w.l(rtexit2.o)
    0x08000236   0x08000236   0x00000006   Code   RO         1033    .ARM.Collect$$rtexit$$00000004  c_w.l(rtexit2.o)
    0x0800023c   0x0800023c   0x00000096   Code   RO          705    .emb_text           port.o
    0x080002d2   0x080002d2   0x00000002   PAD
    0x080002d4   0x080002d4   0x0000034c   Code   RO            1    .text               main.o
    0x08000620   0x08000620   0x0000000c   Code   RO          193    .text               stm32f10x_it.o
    0x0800062c   0x0800062c   0x00000158   Code   RO          234    .text               system_stm32f10x.o
    0x08000784   0x08000784   0x00000060   Code   RO          252    .text               led.o
    0x080007e4   0x080007e4   0x000000ac   Code   RO          264    .text               bsp_key.o
    0x08000890   0x08000890   0x00000050   Code   RO          277    .text               beep.o
    0x080008e0   0x080008e0   0x00000238   Code   RO          295    .text               bh1750.o
    0x08000b18   0x08000b18   0x00000150   Code   RO          308    .text               dht11.o
    0x08000c68   0x08000c68   0x00000120   Code   RO          320    .text               hc_sr04.o
    0x08000d88   0x08000d88   0x00000058   Code   RO          332    .text               mq2.o
    0x08000de0   0x08000de0   0x000009d8   Code   RO          353    .text               oled.o
    0x080017b8   0x080017b8   0x000000d8   Code   RO          376    .text               timer.o
    0x08001890   0x08001890   0x000000f8   Code   RO          388    .text               adc_dma.o
    0x08001988   0x08001988   0x000000d8   Code   RO          407    .text               delay.o
    0x08001a60   0x08001a60   0x00000118   Code   RO          438    .text               usart.o
    0x08001b78   0x08001b78   0x00000040   Code   RO          490    .text               startup_stm32f10x_hd.o
    0x08001bb8   0x08001bb8   0x000000b0   Code   RO          494    .text               misc.o
    0x08001c68   0x08001c68   0x00000264   Code   RO          506    .text               stm32f10x_gpio.o
    0x08001ecc   0x08001ecc   0x000002b8   Code   RO          518    .text               stm32f10x_rcc.o
    0x08002184   0x08002184   0x00000328   Code   RO          532    .text               stm32f10x_usart.o
    0x080024ac   0x080024ac   0x00000af0   Code   RO          544    .text               stm32f10x_tim.o
    0x08002f9c   0x08002f9c   0x00000330   Code   RO          557    .text               stm32f10x_adc.o
    0x080032cc   0x080032cc   0x000001c8   Code   RO          569    .text               stm32f10x_dma.o
    0x08003494   0x08003494   0x00000088   Code   RO          627    .text               list.o
    0x0800351c   0x0800351c   0x00000aac   Code   RO          639    .text               queue.o
    0x08003fc8   0x08003fc8   0x00001440   Code   RO          658    .text               tasks.o
    0x08005408   0x08005408   0x00000518   Code   RO          690    .text               timers.o
    0x08005920   0x08005920   0x000001f8   Code   RO          706    .text               port.o
    0x08005b18   0x08005b18   0x00000214   Code   RO          736    .text               heap_4.o
    0x08005d2c   0x08005d2c   0x00000002   Code   RO          753    .text               c_w.l(use_no_semi_2.o)
    0x08005d2e   0x08005d2e   0x00000002   PAD
    0x08005d30   0x08005d30   0x00000018   Code   RO          759    .text               c_w.l(noretval__2printf.o)
    0x08005d48   0x08005d48   0x00000028   Code   RO          761    .text               c_w.l(noretval__2sprintf.o)
    0x08005d70   0x08005d70   0x00000052   Code   RO          765    .text               c_w.l(_printf_str.o)
    0x08005dc2   0x08005dc2   0x00000002   PAD
    0x08005dc4   0x08005dc4   0x00000078   Code   RO          767    .text               c_w.l(_printf_dec.o)
    0x08005e3c   0x08005e3c   0x0000010e   Code   RO          777    .text               c_w.l(__printf_wp.o)
    0x08005f4a   0x08005f4a   0x00000048   Code   RO          795    .text               c_w.l(strcpy.o)
    0x08005f92   0x08005f92   0x0000003e   Code   RO          797    .text               c_w.l(strlen.o)
    0x08005fd0   0x08005fd0   0x0000008a   Code   RO          799    .text               c_w.l(rt_memcpy_v6.o)
    0x0800605a   0x0800605a   0x00000010   Code   RO          801    .text               c_w.l(aeabi_memset.o)
    0x0800606a   0x0800606a   0x00000006   Code   RO          803    .text               c_w.l(heapauxi.o)
    0x08006070   0x08006070   0x00000002   Code   RO          861    .text               c_w.l(use_no_semi.o)
    0x08006072   0x08006072   0x000000b2   Code   RO          864    .text               c_w.l(_printf_intcommon.o)
    0x08006124   0x08006124   0x0000041e   Code   RO          866    .text               c_w.l(_printf_fp_dec.o)
    0x08006542   0x08006542   0x00000002   PAD
    0x08006544   0x08006544   0x00000030   Code   RO          868    .text               c_w.l(_printf_char_common.o)
    0x08006574   0x08006574   0x0000000a   Code   RO          870    .text               c_w.l(_sputc.o)
    0x0800657e   0x0800657e   0x0000002c   Code   RO          872    .text               c_w.l(_printf_char.o)
    0x080065aa   0x080065aa   0x00000002   PAD
    0x080065ac   0x080065ac   0x00000024   Code   RO          874    .text               c_w.l(_printf_char_file.o)
    0x080065d0   0x080065d0   0x00000064   Code   RO          877    .text               c_w.l(rt_memcpy_w.o)
    0x08006634   0x08006634   0x00000044   Code   RO          879    .text               c_w.l(rt_memclr.o)
    0x08006678   0x08006678   0x00000008   Code   RO          914    .text               c_w.l(rt_locale_intlibspace.o)
    0x08006680   0x08006680   0x0000008a   Code   RO          916    .text               c_w.l(lludiv10.o)
    0x0800670a   0x0800670a   0x00000002   PAD
    0x0800670c   0x0800670c   0x00000080   Code   RO          918    .text               c_w.l(_printf_fp_infnan.o)
    0x0800678c   0x0800678c   0x000000e4   Code   RO          922    .text               c_w.l(bigflt0.o)
    0x08006870   0x08006870   0x00000008   Code   RO          947    .text               c_w.l(ferror.o)
    0x08006878   0x08006878   0x0000004e   Code   RO          954    .text               c_w.l(rt_memclr_w.o)
    0x080068c6   0x080068c6   0x00000002   PAD
    0x080068c8   0x080068c8   0x00000008   Code   RO          962    .text               c_w.l(libspace.o)
    0x080068d0   0x080068d0   0x0000004a   Code   RO          965    .text               c_w.l(sys_stackheap_outer.o)
    0x0800691a   0x0800691a   0x00000012   Code   RO          967    .text               c_w.l(exit.o)
    0x0800692c   0x0800692c   0x00000080   Code   RO          969    .text               c_w.l(strcmpv7m.o)
    0x080069ac   0x080069ac   0x0000003e   Code   RO          925    CL$$btod_d2e        c_w.l(btod.o)
    0x080069ea   0x080069ea   0x00000046   Code   RO          927    CL$$btod_d2e_denorm_low  c_w.l(btod.o)
    0x08006a30   0x08006a30   0x00000060   Code   RO          926    CL$$btod_d2e_norm_op1  c_w.l(btod.o)
    0x08006a90   0x08006a90   0x00000338   Code   RO          935    CL$$btod_div_common  c_w.l(btod.o)
    0x08006dc8   0x08006dc8   0x000000dc   Code   RO          932    CL$$btod_e2e        c_w.l(btod.o)
    0x08006ea4   0x08006ea4   0x0000002a   Code   RO          929    CL$$btod_ediv       c_w.l(btod.o)
    0x08006ece   0x08006ece   0x0000002a   Code   RO          928    CL$$btod_emul       c_w.l(btod.o)
    0x08006ef8   0x08006ef8   0x00000244   Code   RO          934    CL$$btod_mult_common  c_w.l(btod.o)
    0x0800713c   0x0800713c   0x00000028   Code   RO          960    i.__ARM_fpclassify  m_ws.l(fpclassify.o)
    0x08007164   0x08007164   0x0000000e   Code   RO          779    i._is_digit         c_w.l(__printf_wp.o)
    0x08007172   0x08007172   0x00000002   PAD
    0x08007174   0x08007174   0x0000002c   Code   RO          952    locale$$code        c_w.l(lc_numeric_c.o)
    0x080071a0   0x080071a0   0x00000062   Code   RO          807    x$fpl$d2f           fz_ws.l(d2f.o)
    0x08007202   0x08007202   0x00000002   PAD
    0x08007204   0x08007204   0x00000150   Code   RO          809    x$fpl$dadd          fz_ws.l(daddsub_clz.o)
    0x08007354   0x08007354   0x00000010   Code   RO          881    x$fpl$dcheck1       fz_ws.l(dcheck1.o)
    0x08007364   0x08007364   0x00000018   Code   RO          883    x$fpl$dcmpinf       fz_ws.l(dcmpi.o)
    0x0800737c   0x0800737c   0x000002b0   Code   RO          816    x$fpl$ddiv          fz_ws.l(ddiv.o)
    0x0800762c   0x0800762c   0x0000005e   Code   RO          819    x$fpl$dfix          fz_ws.l(dfix.o)
    0x0800768a   0x0800768a   0x00000002   PAD
    0x0800768c   0x0800768c   0x0000005a   Code   RO          823    x$fpl$dfixu         fz_ws.l(dfixu.o)
    0x080076e6   0x080076e6   0x0000002e   Code   RO          828    x$fpl$dflt          fz_ws.l(dflt_clz.o)
    0x08007714   0x08007714   0x00000026   Code   RO          827    x$fpl$dfltu         fz_ws.l(dflt_clz.o)
    0x0800773a   0x0800773a   0x00000002   PAD
    0x0800773c   0x0800773c   0x00000078   Code   RO          833    x$fpl$dleqf         fz_ws.l(dleqf.o)
    0x080077b4   0x080077b4   0x00000154   Code   RO          835    x$fpl$dmul          fz_ws.l(dmul.o)
    0x08007908   0x08007908   0x0000009c   Code   RO          885    x$fpl$dnaninf       fz_ws.l(dnaninf.o)
    0x080079a4   0x080079a4   0x0000000c   Code   RO          887    x$fpl$dretinf       fz_ws.l(dretinf.o)
    0x080079b0   0x080079b0   0x00000016   Code   RO          810    x$fpl$drsb          fz_ws.l(daddsub_clz.o)
    0x080079c6   0x080079c6   0x00000002   PAD
    0x080079c8   0x080079c8   0x000001d4   Code   RO          811    x$fpl$dsub          fz_ws.l(daddsub_clz.o)
    0x08007b9c   0x08007b9c   0x00000056   Code   RO          837    x$fpl$f2d           fz_ws.l(f2d.o)
    0x08007bf2   0x08007bf2   0x00000002   PAD
    0x08007bf4   0x08007bf4   0x0000000c   Code   RO          889    x$fpl$fcheck1       fz_ws.l(fcheck1.o)
    0x08007c00   0x08007c00   0x00000184   Code   RO          840    x$fpl$fdiv          fz_ws.l(fdiv.o)
    0x08007d84   0x08007d84   0x00000036   Code   RO          843    x$fpl$ffix          fz_ws.l(ffix.o)
    0x08007dba   0x08007dba   0x00000002   PAD
    0x08007dbc   0x08007dbc   0x00000026   Code   RO          847    x$fpl$ffltu         fz_ws.l(fflt_clz.o)
    0x08007de2   0x08007de2   0x00000002   PAD
    0x08007de4   0x08007de4   0x00000102   Code   RO          853    x$fpl$fmul          fz_ws.l(fmul.o)
    0x08007ee6   0x08007ee6   0x0000008c   Code   RO          891    x$fpl$fnaninf       fz_ws.l(fnaninf.o)
    0x08007f72   0x08007f72   0x0000000a   Code   RO          893    x$fpl$fretinf       fz_ws.l(fretinf.o)
    0x08007f7c   0x08007f7c   0x00000004   Code   RO          855    x$fpl$printf1       fz_ws.l(printf1.o)
    0x08007f80   0x08007f80   0x00000064   Code   RO          958    x$fpl$retnan        fz_ws.l(retnan.o)
    0x08007fe4   0x08007fe4   0x0000005c   Code   RO          857    x$fpl$scalbn        fz_ws.l(scalbn.o)
    0x08008040   0x08008040   0x0000004c   Code   RO          859    x$fpl$scalbnf       fz_ws.l(scalbnf.o)
    0x0800808c   0x0800808c   0x00000030   Code   RO         1022    x$fpl$trapveneer    fz_ws.l(trapv.o)
    0x080080bc   0x080080bc   0x00000000   Code   RO          895    x$fpl$usenofp       fz_ws.l(usenofp.o)
    0x080080bc   0x080080bc   0x00000818   Data   RO          354    .constdata          oled.o
    0x080088d4   0x080088d4   0x00000094   Data   RO          923    .constdata          c_w.l(bigflt0.o)
    0x08008968   0x08008968   0x00000020   Data   RO         1099    Region$$Table       anon$$obj.o
    0x08008988   0x08008988   0x0000001c   Data   RO          951    locale$$data        c_w.l(lc_numeric_c.o)


    Execution Region RW_IRAM1 (Exec base: 0x20000000, Load base: 0x080089a4, Size: 0x00005ec8, Max: 0x00010000, ABSOLUTE, COMPRESSED[0x00000190])

    Exec Addr    Load Addr    Size         Type   Attr      Idx    E Section Name        Object

    0x20000000   COMPRESSED   0x00000021   Data   RW            2    .data               main.o
    0x20000021   COMPRESSED   0x00000003   PAD
    0x20000024   COMPRESSED   0x00000014   Data   RW          235    .data               system_stm32f10x.o
    0x20000038   COMPRESSED   0x00000001   Data   RW          278    .data               beep.o
    0x20000039   COMPRESSED   0x00000380   Data   RW          355    .data               oled.o
    0x200003b9   COMPRESSED   0x00000001   PAD
    0x200003ba   COMPRESSED   0x00000002   Data   RW          389    .data               adc_dma.o
    0x200003bc   COMPRESSED   0x00000004   Data   RW          408    .data               delay.o
    0x200003c0   COMPRESSED   0x00000002   Data   RW          440    .data               usart.o
    0x200003c2   COMPRESSED   0x00000002   PAD
    0x200003c4   COMPRESSED   0x00000004   Data   RW          441    .data               usart.o
    0x200003c8   COMPRESSED   0x00000014   Data   RW          519    .data               stm32f10x_rcc.o
    0x200003dc   COMPRESSED   0x0000003c   Data   RW          660    .data               tasks.o
    0x20000418   COMPRESSED   0x00000014   Data   RW          692    .data               timers.o
    0x2000042c   COMPRESSED   0x0000000c   Data   RW          707    .data               port.o
    0x20000438   COMPRESSED   0x00000018   Data   RW          738    .data               heap_4.o
    0x20000450        -       0x000000c8   Zero   RW          439    .bss                usart.o
    0x20000518        -       0x00000040   Zero   RW          640    .bss                queue.o
    0x20000558        -       0x000002e4   Zero   RW          659    .bss                tasks.o
    0x2000083c        -       0x00000028   Zero   RW          691    .bss                timers.o
    0x20000864        -       0x00005000   Zero   RW          737    .bss                heap_4.o
    0x20005864        -       0x00000060   Zero   RW          963    .bss                c_w.l(libspace.o)
    0x200058c4   COMPRESSED   0x00000004   PAD
    0x200058c8        -       0x00000200   Zero   RW          488    HEAP                startup_stm32f10x_hd.o
    0x20005ac8        -       0x00000400   Zero   RW          487    STACK               startup_stm32f10x_hd.o


==============================================================================

Image component sizes


      Code (inc. data)   RO Data    RW Data    ZI Data      Debug   Object Name

       248         16          0          2          0       1673   adc_dma.o
        80         12          0          1          0        980   beep.o
       568         10          0          0          0       3670   bh1750.o
       172         10          0          0          0       1603   bsp_key.o
       216         12          0          4          0       1673   delay.o
       336          4          0          0          0       1707   dht11.o
         0          0          0          0          0       7972   event_groups.o
       288         16          0          0          0        870   hc_sr04.o
       532         66          0         24      20480       3492   heap_4.o
        96          4          0          0          0        542   led.o
       136          0          0          0          0       1854   list.o
       844        268          0         33          0     287079   main.o
       176         14          0          0          0       1949   misc.o
        88         14          0          0          0       1296   mq2.o
      2520         34       2072        896          0      12365   oled.o
       654         94          0         12          0       7809   port.o
      2732         52          0          0         64      17172   queue.o
        64         26        304          0       1536        844   startup_stm32f10x_hd.o
       816         24          0          0          0      11401   stm32f10x_adc.o
       456         10          0          0          0       4702   stm32f10x_dma.o
       612         36          0          0          0       6077   stm32f10x_gpio.o
        12          0          0          0          0        911   stm32f10x_it.o
       696         32          0         20          0       9080   stm32f10x_rcc.o
      2800         84          0          0          0      24014   stm32f10x_tim.o
       808         22          0          0          0       8940   stm32f10x_usart.o
         0          0          0          0          0         32   sys.o
       344         34          0         20          0       1855   system_stm32f10x.o
      5184        188          0         60        740      34741   tasks.o
       216         10          0          0          0       1271   timer.o
      1304        128          0         20         40       9144   timers.o
       280         18          0          6        200       5870   usart.o

    ----------------------------------------------------------------------
     23280       1238       2408       1104      23060     472588   Object Totals
         0          0         32          0          0          0   (incl. Generated)
         2          0          0          6          0          0   (incl. Padding)

    ----------------------------------------------------------------------

      Code (inc. data)   RO Data    RW Data    ZI Data      Debug   Library Member Name

        90          0          0          0          0          0   __dczerorl2.o
         8          0          0          0          0         68   __main.o
       284          0          0          0          0        156   __printf_wp.o
         0          0          0          0          0          0   __rtentry.o
        12          0          0          0          0          0   __rtentry2.o
         6          0          0          0          0          0   __rtentry4.o
        52          8          0          0          0          0   __scatter.o
        28          0          0          0          0          0   __scatter_zi.o
         6          0          0          0          0          0   _printf_c.o
        44          0          0          0          0        108   _printf_char.o
        48          6          0          0          0         96   _printf_char_common.o
        36          4          0          0          0         80   _printf_char_file.o
         6          0          0          0          0          0   _printf_d.o
       120         16          0          0          0         92   _printf_dec.o
         6          0          0          0          0          0   _printf_f.o
      1054          0          0          0          0        216   _printf_fp_dec.o
       128         16          0          0          0         84   _printf_fp_infnan.o
       178          0          0          0          0         88   _printf_intcommon.o
         0          0          0          0          0          0   _printf_percent.o
         4          0          0          0          0          0   _printf_percent_end.o
         6          0          0          0          0          0   _printf_s.o
        82          0          0          0          0         80   _printf_str.o
         6          0          0          0          0          0   _printf_u.o
        10          0          0          0          0         68   _sputc.o
        16          0          0          0          0         68   aeabi_memset.o
       228          4        148          0          0         96   bigflt0.o
      1936        128          0          0          0        672   btod.o
        18          0          0          0          0         80   exit.o
         8          0          0          0          0         68   ferror.o
         6          0          0          0          0        152   heapauxi.o
        44         10         28          0          0         76   lc_numeric_c.o
         2          0          0          0          0          0   libinit.o
        18          0          0          0          0          0   libinit2.o
         2          0          0          0          0          0   libshutdown.o
         2          0          0          0          0          0   libshutdown2.o
         8          4          0          0         96         68   libspace.o
       138          0          0          0          0         80   lludiv10.o
        24          4          0          0          0         84   noretval__2printf.o
        40          6          0          0          0         84   noretval__2sprintf.o
         8          4          0          0          0         68   rt_locale_intlibspace.o
        68          0          0          0          0         68   rt_memclr.o
        78          0          0          0          0         80   rt_memclr_w.o
       138          0          0          0          0         68   rt_memcpy_v6.o
       100          0          0          0          0         80   rt_memcpy_w.o
         2          0          0          0          0          0   rtexit.o
        10          0          0          0          0          0   rtexit2.o
       128          0          0          0          0         68   strcmpv7m.o
        72          0          0          0          0         80   strcpy.o
        62          0          0          0          0         76   strlen.o
        74          0          0          0          0         80   sys_stackheap_outer.o
         2          0          0          0          0         68   use_no_semi.o
         2          0          0          0          0         68   use_no_semi_2.o
        98          4          0          0          0         92   d2f.o
       826         16          0          0          0        348   daddsub_clz.o
        16          4          0          0          0         68   dcheck1.o
        24          0          0          0          0         68   dcmpi.o
       688        140          0          0          0        208   ddiv.o
        94          4          0          0          0         92   dfix.o
        90          4          0          0          0         92   dfixu.o
        84          0          0          0          0        136   dflt_clz.o
       120          4          0          0          0         92   dleqf.o
       340         12          0          0          0        104   dmul.o
       156          4          0          0          0         92   dnaninf.o
        12          0          0          0          0         68   dretinf.o
        86          4          0          0          0         84   f2d.o
        12          4          0          0          0         68   fcheck1.o
       388         76          0          0          0         96   fdiv.o
        54          4          0          0          0         84   ffix.o
        38          0          0          0          0         68   fflt_clz.o
       258          4          0          0          0         84   fmul.o
       140          4          0          0          0         84   fnaninf.o
        10          0          0          0          0         68   fretinf.o
         4          0          0          0          0         68   printf1.o
       100          0          0          0          0         68   retnan.o
        92          0          0          0          0         68   scalbn.o
        76          0          0          0          0         68   scalbnf.o
        48          0          0          0          0         68   trapv.o
         0          0          0          0          0          0   usenofp.o
        40          0          0          0          0         68   fpclassify.o

    ----------------------------------------------------------------------
      9372        498        176          0        100       5972   Library Totals
        30          0          0          0          4          0   (incl. Padding)

    ----------------------------------------------------------------------

      Code (inc. data)   RO Data    RW Data    ZI Data      Debug   Library Name

      5448        210        176          0         96       3468   c_w.l
      3854        288          0          0          0       2436   fz_ws.l
        40          0          0          0          0         68   m_ws.l

    ----------------------------------------------------------------------
      9372        498        176          0        100       5972   Library Totals

    ----------------------------------------------------------------------

==============================================================================


      Code (inc. data)   RO Data    RW Data    ZI Data      Debug   

     32652       1736       2584       1104      23160     471536   Grand Totals
     32652       1736       2584        400      23160     471536   ELF Image Totals (compressed)
     32652       1736       2584        400          0          0   ROM Totals

==============================================================================

    Total RO  Size (Code + RO Data)                35236 (  34.41kB)
    Total RW  Size (RW Data + ZI Data)             24264 (  23.70kB)
    Total ROM Size (Code + RO Data + RW Data)      35636 (  34.80kB)

==============================================================================

